Archive member included to satisfy reference by file (symbol)

/home/willoweyes/STM32CubeIDE/workspace/F411 Disco2/micro_ros_stm32cubemx_utils/microros_static_library_ide/libmicroros/libmicroros.a(libmicroxrcedds_client-time.c.obj)
                              ./Core/Src/usb_cdc_transport.o (uxr_millis)
/home/willoweyes/st/stm32cubeide_1.13.1/plugins/com.st.stm32cube.ide.mcu.externaltools.gnu-tools-for-stm32.11.3.rel1.linux64_1.1.0.202305231506/tools/bin/../lib/gcc/arm-none-eabi/11.3.1/thumb/v7e-m+fp/hard/libgcc.a(_aeabi_ldivmod.o)
                              ./Core/Src/microros_time.o (__aeabi_ldivmod)
/home/willoweyes/st/stm32cubeide_1.13.1/plugins/com.st.stm32cube.ide.mcu.externaltools.gnu-tools-for-stm32.11.3.rel1.linux64_1.1.0.202305231506/tools/bin/../lib/gcc/arm-none-eabi/11.3.1/thumb/v7e-m+fp/hard/libgcc.a(_aeabi_uldivmod.o)
                              ./Drivers/STM32F4xx_HAL_Driver/Src/stm32f4xx_hal_rcc.o (__aeabi_uldivmod)
/home/willoweyes/st/stm32cubeide_1.13.1/plugins/com.st.stm32cube.ide.mcu.externaltools.gnu-tools-for-stm32.11.3.rel1.linux64_1.1.0.202305231506/tools/bin/../lib/gcc/arm-none-eabi/11.3.1/thumb/v7e-m+fp/hard/libgcc.a(_udivmoddi4.o)
                              /home/willoweyes/st/stm32cubeide_1.13.1/plugins/com.st.stm32cube.ide.mcu.externaltools.gnu-tools-for-stm32.11.3.rel1.linux64_1.1.0.202305231506/tools/bin/../lib/gcc/arm-none-eabi/11.3.1/thumb/v7e-m+fp/hard/libgcc.a(_aeabi_ldivmod.o) (__udivmoddi4)
/home/willoweyes/st/stm32cubeide_1.13.1/plugins/com.st.stm32cube.ide.mcu.externaltools.gnu-tools-for-stm32.11.3.rel1.linux64_1.1.0.202305231506/tools/bin/../lib/gcc/arm-none-eabi/11.3.1/thumb/v7e-m+fp/hard/libgcc.a(_dvmd_tls.o)
                              /home/willoweyes/st/stm32cubeide_1.13.1/plugins/com.st.stm32cube.ide.mcu.externaltools.gnu-tools-for-stm32.11.3.rel1.linux64_1.1.0.202305231506/tools/bin/../lib/gcc/arm-none-eabi/11.3.1/thumb/v7e-m+fp/hard/libgcc.a(_aeabi_ldivmod.o) (__aeabi_ldiv0)
/home/willoweyes/st/stm32cubeide_1.13.1/plugins/com.st.stm32cube.ide.mcu.externaltools.gnu-tools-for-stm32.11.3.rel1.linux64_1.1.0.202305231506/tools/bin/../lib/gcc/arm-none-eabi/11.3.1/../../../../arm-none-eabi/lib/thumb/v7e-m+fp/hard/libc_nano.a(libc_a-exit.o)
                              /home/willoweyes/st/stm32cubeide_1.13.1/plugins/com.st.stm32cube.ide.mcu.externaltools.gnu-tools-for-stm32.11.3.rel1.linux64_1.1.0.202305231506/tools/bin/../lib/gcc/arm-none-eabi/11.3.1/../../../../arm-none-eabi/lib/thumb/v7e-m+fp/hard/crt0.o (exit)
/home/willoweyes/st/stm32cubeide_1.13.1/plugins/com.st.stm32cube.ide.mcu.externaltools.gnu-tools-for-stm32.11.3.rel1.linux64_1.1.0.202305231506/tools/bin/../lib/gcc/arm-none-eabi/11.3.1/../../../../arm-none-eabi/lib/thumb/v7e-m+fp/hard/libc_nano.a(libc_a-findfp.o)
                              ./Middlewares/Third_Party/FreeRTOS/Source/tasks.o (__sf)
/home/willoweyes/st/stm32cubeide_1.13.1/plugins/com.st.stm32cube.ide.mcu.externaltools.gnu-tools-for-stm32.11.3.rel1.linux64_1.1.0.202305231506/tools/bin/../lib/gcc/arm-none-eabi/11.3.1/../../../../arm-none-eabi/lib/thumb/v7e-m+fp/hard/libc_nano.a(libc_a-fwalk.o)
                              /home/willoweyes/st/stm32cubeide_1.13.1/plugins/com.st.stm32cube.ide.mcu.externaltools.gnu-tools-for-stm32.11.3.rel1.linux64_1.1.0.202305231506/tools/bin/../lib/gcc/arm-none-eabi/11.3.1/../../../../arm-none-eabi/lib/thumb/v7e-m+fp/hard/libc_nano.a(libc_a-findfp.o) (_fwalk_sglue)
/home/willoweyes/st/stm32cubeide_1.13.1/plugins/com.st.stm32cube.ide.mcu.externaltools.gnu-tools-for-stm32.11.3.rel1.linux64_1.1.0.202305231506/tools/bin/../lib/gcc/arm-none-eabi/11.3.1/../../../../arm-none-eabi/lib/thumb/v7e-m+fp/hard/libc_nano.a(libc_a-stdio.o)
                              /home/willoweyes/st/stm32cubeide_1.13.1/plugins/com.st.stm32cube.ide.mcu.externaltools.gnu-tools-for-stm32.11.3.rel1.linux64_1.1.0.202305231506/tools/bin/../lib/gcc/arm-none-eabi/11.3.1/../../../../arm-none-eabi/lib/thumb/v7e-m+fp/hard/libc_nano.a(libc_a-findfp.o) (__sread)
/home/willoweyes/st/stm32cubeide_1.13.1/plugins/com.st.stm32cube.ide.mcu.externaltools.gnu-tools-for-stm32.11.3.rel1.linux64_1.1.0.202305231506/tools/bin/../lib/gcc/arm-none-eabi/11.3.1/../../../../arm-none-eabi/lib/thumb/v7e-m+fp/hard/libc_nano.a(libc_a-memset.o)
                              /home/willoweyes/st/stm32cubeide_1.13.1/plugins/com.st.stm32cube.ide.mcu.externaltools.gnu-tools-for-stm32.11.3.rel1.linux64_1.1.0.202305231506/tools/bin/../lib/gcc/arm-none-eabi/11.3.1/../../../../arm-none-eabi/lib/thumb/v7e-m+fp/hard/crt0.o (memset)
/home/willoweyes/st/stm32cubeide_1.13.1/plugins/com.st.stm32cube.ide.mcu.externaltools.gnu-tools-for-stm32.11.3.rel1.linux64_1.1.0.202305231506/tools/bin/../lib/gcc/arm-none-eabi/11.3.1/../../../../arm-none-eabi/lib/thumb/v7e-m+fp/hard/libc_nano.a(libc_a-closer.o)
[...]
Memory Configuration

Name             Origin             Length             Attributes
RAM              0x0000000020000000 0x0000000000020000 xrw
FLASH            0x0000000008000000 0x0000000000080000 xr
*default*        0x0000000000000000 0xffffffffffffffff

Linker script and memory map

LOAD /home/willoweyes/st/stm32cubeide_1.13.1/plugins/com.st.stm32cube.ide.mcu.externaltools.gnu-tools-for-stm32.11.3.rel1.linux64_1.1.0.202305231506/tools/bin/../lib/gcc/arm-none-eabi/11.3.1/thumb/v7e-m+fp/hard/crti.o
LOAD /home/willoweyes/st/stm32cubeide_1.13.1/plugins/com.st.stm32cube.ide.mcu.externaltools.gnu-tools-for-stm32.11.3.rel1.linux64_1.1.0.202305231506/tools/bin/../lib/gcc/arm-none-eabi/11.3.1/thumb/v7e-m+fp/hard/crtbegin.o
LOAD /home/willoweyes/st/stm32cubeide_1.13.1/plugins/com.st.stm32cube.ide.mcu.externaltools.gnu-tools-for-stm32.11.3.rel1.linux64_1.1.0.202305231506/tools/bin/../lib/gcc/arm-none-eabi/11.3.1/../../../../arm-none-eabi/lib/thumb/v7e-m+fp/hard/crt0.o
LOAD ./Core/Src/custom_memory_manager.o
LOAD ./Core/Src/freertos.o
LOAD ./Core/Src/main.o
LOAD ./Core/Src/microros_allocators.o
LOAD ./Core/Src/microros_time.o
LOAD ./Core/Src/stm32f4xx_hal_msp.o
LOAD ./Core/Src/stm32f4xx_hal_timebase_tim.o
LOAD ./Core/Src/stm32f4xx_it.o
LOAD ./Core/Src/syscalls.o
LOAD ./Core/Src/sysmem.o
LOAD ./Core/Src/system_stm32f4xx.o
LOAD ./Core/Src/usb_cdc_transport.o
LOAD ./Core/Startup/startup_stm32f411vetx.o
LOAD ./Drivers/STM32F4xx_HAL_Driver/Src/stm32f4xx_hal.o
LOAD ./Drivers/STM32F4xx_HAL_Driver/Src/stm32f4xx_hal_cortex.o
LOAD ./Drivers/STM32F4xx_HAL_Driver/Src/stm32f4xx_hal_dma.o
LOAD ./Drivers/STM32F4xx_HAL_Driver/Src/stm32f4xx_hal_dma_ex.o
LOAD ./Drivers/STM32F4xx_HAL_Driver/Src/stm32f4xx_hal_exti.o
LOAD ./Drivers/STM32F4xx_HAL_Driver/Src/stm32f4xx_hal_flash.o
LOAD ./Drivers/STM32F4xx_HAL_Driver/Src/stm32f4xx_hal_flash_ex.o
LOAD ./Drivers/STM32F4xx_HAL_Driver/Src/stm32f4xx_hal_flash_ramfunc.o
LOAD ./Drivers/STM32F4xx_HAL_Driver/Src/stm32f4xx_hal_gpio.o
LOAD ./Drivers/STM32F4xx_HAL_Driver/Src/stm32f4xx_hal_i2c.o
LOAD ./Drivers/STM32F4xx_HAL_Driver/Src/stm32f4xx_hal_i2c_ex.o
LOAD ./Drivers/STM32F4xx_HAL_Driver/Src/stm32f4xx_hal_i2s.o
LOAD ./Drivers/STM32F4xx_HAL_Driver/Src/stm32f4xx_hal_i2s_ex.o
LOAD ./Drivers/STM32F4xx_HAL_Driver/Src/stm32f4xx_hal_pcd.o
LOAD ./Drivers/STM32F4xx_HAL_Driver/Src/stm32f4xx_hal_pcd_ex.o
LOAD ./Drivers/STM32F4xx_HAL_Driver/Src/stm32f4xx_hal_pwr.o
LOAD ./Drivers/STM32F4xx_HAL_Driver/Src/stm32f4xx_hal_pwr_ex.o
LOAD ./Drivers/STM32F4xx_HAL_Driver/Src/stm32f4xx_hal_rcc.o
LOAD ./Drivers/STM32F4xx_HAL_Driver/Src/stm32f4xx_hal_rcc_ex.o
LOAD ./Drivers/STM32F4xx_HAL_Driver/Src/stm32f4xx_hal_spi.o
LOAD ./Drivers/STM32F4xx_HAL_Driver/Src/stm32f4xx_hal_tim.o
LOAD ./Drivers/STM32F4xx_HAL_Driver/Src/stm32f4xx_hal_tim_ex.o
LOAD ./Drivers/STM32F4xx_HAL_Driver/Src/stm32f4xx_hal_uart.o
LOAD ./Drivers/STM32F4xx_HAL_Driver/Src/stm32f4xx_ll_usb.o
LOAD ./Middlewares/ST/STM32_USB_Device_Library/Class/CDC/Src/usbd_cdc.o
LOAD ./Middlewares/ST/STM32_USB_Device_Library/Core/Src/usbd_core.o
LOAD ./Middlewares/ST/STM32_USB_Device_Library/Core/Src/usbd_ctlreq.o
LOAD ./Middlewares/ST/STM32_USB_Device_Library/Core/Src/usbd_ioreq.o
LOAD ./Middlewares/Third_Party/FreeRTOS/Source/CMSIS_RTOS_V2/cmsis_os2.o
LOAD ./Middlewares/Third_Party/FreeRTOS/Source/croutine.o
LOAD ./Middlewares/Third_Party/FreeRTOS/Source/event_groups.o
LOAD ./Middlewares/Third_Party/FreeRTOS/Source/list.o
LOAD ./Middlewares/Third_Party/FreeRTOS/Source/queue.o
LOAD ./Middlewares/Third_Party/FreeRTOS/Source/stream_buffer.o
LOAD ./Middlewares/Third_Party/FreeRTOS/Source/tasks.o
LOAD ./Middlewares/Third_Party/FreeRTOS/Source/timers.o
LOAD ./Middlewares/Third_Party/FreeRTOS/Source/portable/GCC/ARM_CM4F/port.o
LOAD ./Middlewares/Third_Party/FreeRTOS/Source/portable/MemMang/heap_4.o
LOAD ./USB_DEVICE/App/usb_device.o
LOAD ./USB_DEVICE/App/usbd_cdc_if.o
LOAD ./USB_DEVICE/App/usbd_desc.o
LOAD ./USB_DEVICE/Target/usbd_conf.o
LOAD /home/willoweyes/STM32CubeIDE/workspace/F411 Disco2/micro_ros_stm32cubemx_utils/microros_static_library_ide/libmicroros/libmicroros.a
START GROUP
LOAD /home/willoweyes/st/stm32cubeide_1.13.1/plugins/com.st.stm32cube.ide.mcu.externaltools.gnu-tools-for-stm32.11.3.rel1.linux64_1.1.0.202305231506/tools/bin/../lib/gcc/arm-none-eabi/11.3.1/thumb/v7e-m+fp/hard/libgcc.a
LOAD /home/willoweyes/st/stm32cubeide_1.13.1/plugins/com.st.stm32cube.ide.mcu.externaltools.gnu-tools-for-stm32.11.3.rel1.linux64_1.1.0.202305231506/tools/bin/../lib/gcc/arm-none-eabi/11.3.1/../../../../arm-none-eabi/lib/thumb/v7e-m+fp/hard/libc_nano.a
END GROUP
START GROUP
LOAD /home/willoweyes/st/stm32cubeide_1.13.1/plugins/com.st.stm32cube.ide.mcu.externaltools.gnu-tools-for-stm32.11.3.rel1.linux64_1.1.0.202305231506/tools/bin/../lib/gcc/arm-none-eabi/11.3.1/thumb/v7e-m+fp/hard/libgcc.a
LOAD /home/willoweyes/st/stm32cubeide_1.13.1/plugins/com.st.stm32cube.ide.mcu.externaltools.gnu-tools-for-stm32.11.3.rel1.linux64_1.1.0.202305231506/tools/bin/../lib/gcc/arm-none-eabi/11.3.1/../../../../arm-none-eabi/lib/thumb/v7e-m+fp/hard/libc_nano.a
LOAD /home/willoweyes/st/stm32cubeide_1.13.1/plugins/com.st.stm32cube.ide.mcu.externaltools.gnu-tools-for-stm32.11.3.rel1.linux64_1.1.0.202305231506/tools/bin/../lib/gcc/arm-none-eabi/11.3.1/../../../../arm-none-eabi/lib/thumb/v7e-m+fp/hard/libnosys.a
END GROUP
START GROUP
LOAD /home/willoweyes/st/stm32cubeide_1.13.1/plugins/com.st.stm32cube.ide.mcu.externaltools.gnu-tools-for-stm32.11.3.rel1.linux64_1.1.0.202305231506/tools/bin/../lib/gcc/arm-none-eabi/11.3.1/thumb/v7e-m+fp/hard/libgcc.a
LOAD /home/willoweyes/st/stm32cubeide_1.13.1/plugins/com.st.stm32cube.ide.mcu.externaltools.gnu-tools-for-stm32.11.3.rel1.linux64_1.1.0.202305231506/tools/bin/../lib/gcc/arm-none-eabi/11.3.1/../../../../arm-none-eabi/lib/thumb/v7e-m+fp/hard/libc_nano.a
LOAD /home/willoweyes/st/stm32cubeide_1.13.1/plugins/com.st.stm32cube.ide.mcu.externaltools.gnu-tools-for-stm32.11.3.rel1.linux64_1.1.0.202305231506/tools/bin/../lib/gcc/arm-none-eabi/11.3.1/../../../../arm-none-eabi/lib/thumb/v7e-m+fp/hard/libnosys.a
END GROUP
LOAD /home/willoweyes/st/stm32cubeide_1.13.1/plugins/com.st.stm32cube.ide.mcu.externaltools.gnu-tools-for-stm32.11.3.rel1.linux64_1.1.0.202305231506/tools/bin/../lib/gcc/arm-none-eabi/11.3.1/thumb/v7e-m+fp/hard/crtend.o
LOAD /home/willoweyes/st/stm32cubeide_1.13.1/plugins/com.st.stm32cube.ide.mcu.externaltools.gnu-tools-for-stm32.11.3.rel1.linux64_1.1.0.202305231506/tools/bin/../lib/gcc/arm-none-eabi/11.3.1/thumb/v7e-m+fp/hard/crtn.o
                0x0000000020020000                _estack = (ORIGIN (RAM) + LENGTH (RAM))
                0x0000000000000200                _Min_Heap_Size = 0x200
                0x0000000000000400                _Min_Stack_Size = 0x400

.isr_vector     0x0000000008000000      0x198
                0x0000000008000000                . = ALIGN (0x4)
 *(.isr_vector)
 .isr_vector    0x0000000008000000      0x198 ./Core/Startup/startup_stm32f411vetx.o
                0x0000000008000000                g_pfnVectors
                0x0000000008000198                . = ALIGN (0x4)

.text           0x00000000080001a0     0xd138
                0x00000000080001a0                . = ALIGN (0x4)
 *(.text)
 .text          0x00000000080001a0       0x40 /home/willoweyes/st/stm32cubeide_1.13.1/plugins/com.st.stm32cube.ide.mcu.externaltools.gnu-tools-for-stm32.11.3.rel1.linux64_1.1.0.202305231506/tools/bin/../lib/gcc/arm-none-eabi/11.3.1/thumb/v7e-m+fp/hard/crtbegin.o
 .text          0x00000000080001e0       0x30 /home/willoweyes/st/stm32cubeide_1.13.1/plugins/com.st.stm32cube.ide.mcu.externaltools.gnu-tools-for-stm32.11.3.rel1.linux64_1.1.0.202305231506/tools/bin/../lib/gcc/arm-none-eabi/11.3.1/thumb/v7e-m+fp/hard/libgcc.a(_aeabi_uldivmod.o)
                0x00000000080001e0                __aeabi_uldivmod
 .text          0x0000000008000210      0x2c8 /home/willoweyes/st/stm32cubeide_1.13.1/plugins/com.st.stm32cube.ide.mcu.externaltools.gnu-tools-for-stm32.11.3.rel1.linux64_1.1.0.202305231506/tools/bin/../lib/gcc/arm-none-eabi/11.3.1/thumb/v7e-m+fp/hard/libgcc.a(_udivmoddi4.o)
                0x0000000008000210                __udivmoddi4
 .text          0x00000000080004d8        0x4 /home/willoweyes/st/stm32cubeide_1.13.1/plugins/com.st.stm32cube.ide.mcu.externaltools.gnu-tools-for-stm32.11.3.rel1.linux64_1.1.0.202305231506/tools/bin/../lib/gcc/arm-none-eabi/11.3.1/thumb/v7e-m+fp/hard/libgcc.a(_dvmd_tls.o)
                0x00000000080004d8                __aeabi_ldiv0
                0x00000000080004d8                __aeabi_idiv0
 *(.text*)
 .text.HAL_UART_RxCpltCallback
                0x00000000080004dc       0x38 ./Core/Src/main.o
                0x00000000080004dc                HAL_UART_RxCpltCallback
 .text.main     0x0000000008000514       0x98 ./Core/Src/main.o
                0x0000000008000514                main
 .text.SystemClock_Config
                0x00000000080005ac       0xd0 ./Core/Src/main.o
                0x00000000080005ac                SystemClock_Config
 .text.PeriphCommonClock_Config
                0x000000000800067c       0x40 ./Core/Src/main.o
                0x000000000800067c                PeriphCommonClock_Config
 .text.MX_I2C1_Init
                0x00000000080006bc       0x5c ./Core/Src/main.o
 .text.MX_I2S2_Init
                0x0000000008000718       0x5c ./Core/Src/main.o
 .text.MX_I2S3_Init
                0x0000000008000774       0x60 ./Core/Src/main.o
 .text.MX_SPI1_Init
                0x00000000080007d4       0x6c ./Core/Src/main.o
 .text.MX_USART2_UART_Init
                0x0000000008000840       0x54 ./Core/Src/main.o
 .text.MX_DMA_Init
                0x0000000008000894       0x50 ./Core/Src/main.o
 .text.MX_GPIO_Init
                0x00000000080008e4      0x1b4 ./Core/Src/main.o
 .text.StartDefaultTask
                0x0000000008000a98       0x5c ./Core/Src/main.o
                0x0000000008000a98                StartDefaultTask
 .text.StartTask02
                0x0000000008000af4       0x10 ./Core/Src/main.o
                0x0000000008000af4                StartTask02
 .text.HAL_TIM_PeriodElapsedCallback
                0x0000000008000b04       0x24 ./Core/Src/main.o
                0x0000000008000b04                HAL_TIM_PeriodElapsedCallback
 .text.Error_Handler
                0x0000000008000b28        0xa ./Core/Src/main.o
                0x0000000008000b28                Error_Handler
 *fill*         0x0000000008000b32        0x2 
 .text.HAL_MspInit
                0x0000000008000b34       0x58 ./Core/Src/stm32f4xx_hal_msp.o
                0x0000000008000b34                HAL_MspInit
 .text.HAL_I2C_MspInit
                0x0000000008000b8c       0x90 ./Core/Src/stm32f4xx_hal_msp.o
                0x0000000008000b8c                HAL_I2C_MspInit
 .text.HAL_I2S_MspInit
                0x0000000008000c1c      0x19c ./Core/Src/stm32f4xx_hal_msp.o
                0x0000000008000c1c                HAL_I2S_MspInit
 .text.HAL_SPI_MspInit
                0x0000000008000db8       0x90 ./Core/Src/stm32f4xx_hal_msp.o
                0x0000000008000db8                HAL_SPI_MspInit
 .text.HAL_UART_MspInit
                0x0000000008000e48      0x170 ./Core/Src/stm32f4xx_hal_msp.o
                0x0000000008000e48                HAL_UART_MspInit
 .text.HAL_InitTick
                0x0000000008000fb8       0xe4 ./Core/Src/stm32f4xx_hal_timebase_tim.o
                0x0000000008000fb8                HAL_InitTick
 .text.NMI_Handler
                0x000000000800109c        0x6 ./Core/Src/stm32f4xx_it.o
                0x000000000800109c                NMI_Handler
 .text.HardFault_Handler
                0x00000000080010a2        0x6 ./Core/Src/stm32f4xx_it.o
                0x00000000080010a2                HardFault_Handler
 .text.MemManage_Handler
                0x00000000080010a8        0x6 ./Core/Src/stm32f4xx_it.o
                0x00000000080010a8                MemManage_Handler
 .text.BusFault_Handler
                0x00000000080010ae        0x6 ./Core/Src/stm32f4xx_it.o
                0x00000000080010ae                BusFault_Handler
 .text.UsageFault_Handler
                0x00000000080010b4        0x6 ./Core/Src/stm32f4xx_it.o
                0x00000000080010b4                UsageFault_Handler
 .text.DebugMon_Handler
                0x00000000080010ba        0xe ./Core/Src/stm32f4xx_it.o
                0x00000000080010ba                DebugMon_Handler
 .text.DMA1_Stream5_IRQHandler
                0x00000000080010c8       0x14 ./Core/Src/stm32f4xx_it.o
                0x00000000080010c8                DMA1_Stream5_IRQHandler
 .text.DMA1_Stream6_IRQHandler
                0x00000000080010dc       0x14 ./Core/Src/stm32f4xx_it.o
                0x00000000080010dc                DMA1_Stream6_IRQHandler
 .text.TIM1_UP_TIM10_IRQHandler
                0x00000000080010f0       0x14 ./Core/Src/stm32f4xx_it.o
                0x00000000080010f0                TIM1_UP_TIM10_IRQHandler
 .text.USART2_IRQHandler
                0x0000000008001104       0x14 ./Core/Src/stm32f4xx_it.o
                0x0000000008001104                USART2_IRQHandler
 .text.OTG_FS_IRQHandler
                0x0000000008001118       0x14 ./Core/Src/stm32f4xx_it.o
                0x0000000008001118                OTG_FS_IRQHandler
 .text.SystemInit
                0x000000000800112c       0x24 ./Core/Src/system_stm32f4xx.o
                0x000000000800112c                SystemInit
 .text.Reset_Handler
                0x0000000008001150       0x50 ./Core/Startup/startup_stm32f411vetx.o
                0x0000000008001150                Reset_Handler
 .text.Default_Handler
                0x00000000080011a0        0x2 ./Core/Startup/startup_stm32f411vetx.o
                0x00000000080011a0                RTC_Alarm_IRQHandler
                0x00000000080011a0                EXTI2_IRQHandler
                0x00000000080011a0                SPI4_IRQHandler
                0x00000000080011a0                TIM1_CC_IRQHandler
                0x00000000080011a0                DMA2_Stream5_IRQHandler
                0x00000000080011a0                PVD_IRQHandler
                0x00000000080011a0                SDIO_IRQHandler
                0x00000000080011a0                TAMP_STAMP_IRQHandler
                0x00000000080011a0                EXTI3_IRQHandler
                0x00000000080011a0                I2C3_ER_IRQHandler
                0x00000000080011a0                EXTI0_IRQHandler
                0x00000000080011a0                I2C2_EV_IRQHandler
                0x00000000080011a0                DMA1_Stream2_IRQHandler
                0x00000000080011a0                FPU_IRQHandler
                0x00000000080011a0                DMA2_Stream2_IRQHandler
                0x00000000080011a0                SPI1_IRQHandler
                0x00000000080011a0                TIM1_BRK_TIM9_IRQHandler
                0x00000000080011a0                DMA2_Stream3_IRQHandler
                0x00000000080011a0                USART6_IRQHandler
                0x00000000080011a0                DMA2_Stream0_IRQHandler
                0x00000000080011a0                TIM4_IRQHandler
                0x00000000080011a0                I2C1_EV_IRQHandler
                0x00000000080011a0                DMA1_Stream1_IRQHandler
                0x00000000080011a0                TIM3_IRQHandler
                0x00000000080011a0                RCC_IRQHandler
                0x00000000080011a0                Default_Handler
                0x00000000080011a0                EXTI15_10_IRQHandler
                0x00000000080011a0                ADC_IRQHandler
                0x00000000080011a0                DMA1_Stream7_IRQHandler
                0x00000000080011a0                SPI5_IRQHandler
                0x00000000080011a0                TIM5_IRQHandler
                0x00000000080011a0                DMA2_Stream7_IRQHandler
                0x00000000080011a0                I2C3_EV_IRQHandler
                0x00000000080011a0                EXTI9_5_IRQHandler
                0x00000000080011a0                RTC_WKUP_IRQHandler
                0x00000000080011a0                SPI2_IRQHandler
                0x00000000080011a0                DMA1_Stream0_IRQHandler
                0x00000000080011a0                EXTI4_IRQHandler
                0x00000000080011a0                WWDG_IRQHandler
                0x00000000080011a0                TIM2_IRQHandler
                0x00000000080011a0                OTG_FS_WKUP_IRQHandler
                0x00000000080011a0                TIM1_TRG_COM_TIM11_IRQHandler
                0x00000000080011a0                EXTI1_IRQHandler
                0x00000000080011a0                I2C2_ER_IRQHandler
                0x00000000080011a0                DMA2_Stream1_IRQHandler
                0x00000000080011a0                FLASH_IRQHandler
                0x00000000080011a0                DMA2_Stream4_IRQHandler
                0x00000000080011a0                USART1_IRQHandler
                0x00000000080011a0                SPI3_IRQHandler
                0x00000000080011a0                DMA1_Stream4_IRQHandler
                0x00000000080011a0                I2C1_ER_IRQHandler
                0x00000000080011a0                DMA2_Stream6_IRQHandler
                0x00000000080011a0                DMA1_Stream3_IRQHandler
 *fill*         0x00000000080011a2        0x2 
 .text.HAL_Init
                0x00000000080011a4       0x44 ./Drivers/STM32F4xx_HAL_Driver/Src/stm32f4xx_hal.o
                0x00000000080011a4                HAL_Init
 .text.HAL_IncTick
                0x00000000080011e8       0x28 ./Drivers/STM32F4xx_HAL_Driver/Src/stm32f4xx_hal.o
                0x00000000080011e8                HAL_IncTick
 .text.HAL_GetTick
                0x0000000008001210       0x18 ./Drivers/STM32F4xx_HAL_Driver/Src/stm32f4xx_hal.o
                0x0000000008001210                HAL_GetTick
 .text.HAL_Delay
                0x0000000008001228       0x48 ./Drivers/STM32F4xx_HAL_Driver/Src/stm32f4xx_hal.o
                0x0000000008001228                HAL_Delay
 .text.__NVIC_SetPriorityGrouping
                0x0000000008001270       0x48 ./Drivers/STM32F4xx_HAL_Driver/Src/stm32f4xx_hal_cortex.o
 .text.__NVIC_GetPriorityGrouping
                0x00000000080012b8       0x1c ./Drivers/STM32F4xx_HAL_Driver/Src/stm32f4xx_hal_cortex.o
 .text.__NVIC_EnableIRQ
                0x00000000080012d4       0x3c ./Drivers/STM32F4xx_HAL_Driver/Src/stm32f4xx_hal_cortex.o
 .text.__NVIC_SetPriority
                0x0000000008001310       0x54 ./Drivers/STM32F4xx_HAL_Driver/Src/stm32f4xx_hal_cortex.o
 .text.NVIC_EncodePriority
                0x0000000008001364       0x66 ./Drivers/STM32F4xx_HAL_Driver/Src/stm32f4xx_hal_cortex.o
 .text.HAL_NVIC_SetPriorityGrouping
                0x00000000080013ca       0x16 ./Drivers/STM32F4xx_HAL_Driver/Src/stm32f4xx_hal_cortex.o
                0x00000000080013ca                HAL_NVIC_SetPriorityGrouping
 .text.HAL_NVIC_SetPriority
                0x00000000080013e0       0x38 ./Drivers/STM32F4xx_HAL_Driver/Src/stm32f4xx_hal_cortex.o
                0x00000000080013e0                HAL_NVIC_SetPriority
 .text.HAL_NVIC_EnableIRQ
                0x0000000008001418       0x1c ./Drivers/STM32F4xx_HAL_Driver/Src/stm32f4xx_hal_cortex.o
                0x0000000008001418                HAL_NVIC_EnableIRQ
 .text.HAL_DMA_Init
                0x0000000008001434      0x15c ./Drivers/STM32F4xx_HAL_Driver/Src/stm32f4xx_hal_dma.o
                0x0000000008001434                HAL_DMA_Init
 .text.HAL_DMA_Abort
                0x0000000008001590       0xe0 ./Drivers/STM32F4xx_HAL_Driver/Src/stm32f4xx_hal_dma.o
                0x0000000008001590                HAL_DMA_Abort
 .text.HAL_DMA_Abort_IT
                0x0000000008001670       0x44 ./Drivers/STM32F4xx_HAL_Driver/Src/stm32f4xx_hal_dma.o
                0x0000000008001670                HAL_DMA_Abort_IT
 .text.HAL_DMA_IRQHandler
                0x00000000080016b4      0x314 ./Drivers/STM32F4xx_HAL_Driver/Src/stm32f4xx_hal_dma.o
                0x00000000080016b4                HAL_DMA_IRQHandler
 .text.DMA_CalcBaseAndBitshift
                0x00000000080019c8       0x6c ./Drivers/STM32F4xx_HAL_Driver/Src/stm32f4xx_hal_dma.o
 .text.DMA_CheckFifoParam
                0x0000000008001a34       0xf8 ./Drivers/STM32F4xx_HAL_Driver/Src/stm32f4xx_hal_dma.o
 .text.HAL_GPIO_Init
                0x0000000008001b2c      0x308 ./Drivers/STM32F4xx_HAL_Driver/Src/stm32f4xx_hal_gpio.o
                0x0000000008001b2c                HAL_GPIO_Init
 .text.HAL_GPIO_WritePin
                0x0000000008001e34       0x32 ./Drivers/STM32F4xx_HAL_Driver/Src/stm32f4xx_hal_gpio.o
                0x0000000008001e34                HAL_GPIO_WritePin
 .text.HAL_GPIO_TogglePin
                0x0000000008001e66       0x34 ./Drivers/STM32F4xx_HAL_Driver/Src/stm32f4xx_hal_gpio.o
                0x0000000008001e66                HAL_GPIO_TogglePin
 *fill*         0x0000000008001e9a        0x2 
 .text.HAL_I2C_Init
                0x0000000008001e9c      0x288 ./Drivers/STM32F4xx_HAL_Driver/Src/stm32f4xx_hal_i2c.o
                0x0000000008001e9c                HAL_I2C_Init
 .text.HAL_I2S_Init
                0x0000000008002124      0x280 ./Drivers/STM32F4xx_HAL_Driver/Src/stm32f4xx_hal_i2s.o
                0x0000000008002124                HAL_I2S_Init
 .text.HAL_I2S_TxCpltCallback
                0x00000000080023a4       0x14 ./Drivers/STM32F4xx_HAL_Driver/Src/stm32f4xx_hal_i2s.o
                0x00000000080023a4                HAL_I2S_TxCpltCallback
 .text.HAL_I2S_RxCpltCallback
                0x00000000080023b8       0x14 ./Drivers/STM32F4xx_HAL_Driver/Src/stm32f4xx_hal_i2s.o
                0x00000000080023b8                HAL_I2S_RxCpltCallback
 .text.HAL_I2S_ErrorCallback
                0x00000000080023cc       0x14 ./Drivers/STM32F4xx_HAL_Driver/Src/stm32f4xx_hal_i2s.o
                0x00000000080023cc                HAL_I2S_ErrorCallback
 .text.I2S_Transmit_IT
                0x00000000080023e0       0x5c ./Drivers/STM32F4xx_HAL_Driver/Src/stm32f4xx_hal_i2s.o
 .text.I2S_Receive_IT
                0x000000000800243c       0x5e ./Drivers/STM32F4xx_HAL_Driver/Src/stm32f4xx_hal_i2s.o
 .text.I2S_IRQHandler
                0x000000000800249a      0x114 ./Drivers/STM32F4xx_HAL_Driver/Src/stm32f4xx_hal_i2s.o
 *fill*         0x00000000080025ae        0x2 
 .text.HAL_I2SEx_FullDuplex_IRQHandler
                0x00000000080025b0      0x2a8 ./Drivers/STM32F4xx_HAL_Driver/Src/stm32f4xx_hal_i2s_ex.o
                0x00000000080025b0                HAL_I2SEx_FullDuplex_IRQHandler
 .text.HAL_I2SEx_TxRxCpltCallback
                0x0000000008002858       0x14 ./Drivers/STM32F4xx_HAL_Driver/Src/stm32f4xx_hal_i2s_ex.o
                0x0000000008002858                HAL_I2SEx_TxRxCpltCallback
 .text.I2SEx_TxISR_I2S
                0x000000000800286c       0x62 ./Drivers/STM32F4xx_HAL_Driver/Src/stm32f4xx_hal_i2s_ex.o
 *fill*         0x00000000080028ce        0x2 
 .text.I2SEx_TxISR_I2SExt
                0x00000000080028d0       0x98 ./Drivers/STM32F4xx_HAL_Driver/Src/stm32f4xx_hal_i2s_ex.o
 .text.I2SEx_RxISR_I2S
                0x0000000008002968       0x64 ./Drivers/STM32F4xx_HAL_Driver/Src/stm32f4xx_hal_i2s_ex.o
 .text.I2SEx_RxISR_I2SExt
                0x00000000080029cc       0x98 ./Drivers/STM32F4xx_HAL_Driver/Src/stm32f4xx_hal_i2s_ex.o
 .text.HAL_PCD_Init
                0x0000000008002a64      0x23a ./Drivers/STM32F4xx_HAL_Driver/Src/stm32f4xx_hal_pcd.o
                0x0000000008002a64                HAL_PCD_Init
 .text.HAL_PCD_Start
                0x0000000008002c9e       0x66 ./Drivers/STM32F4xx_HAL_Driver/Src/stm32f4xx_hal_pcd.o
                0x0000000008002c9e                HAL_PCD_Start
 .text.HAL_PCD_IRQHandler
                0x0000000008002d04      0x93e ./Drivers/STM32F4xx_HAL_Driver/Src/stm32f4xx_hal_pcd.o
                0x0000000008002d04                HAL_PCD_IRQHandler
 .text.HAL_PCD_SetAddress
                0x0000000008003642       0x4a ./Drivers/STM32F4xx_HAL_Driver/Src/stm32f4xx_hal_pcd.o
                0x0000000008003642                HAL_PCD_SetAddress
 .text.HAL_PCD_EP_Open
                0x000000000800368c       0xd0 ./Drivers/STM32F4xx_HAL_Driver/Src/stm32f4xx_hal_pcd.o
                0x000000000800368c                HAL_PCD_EP_Open
 .text.HAL_PCD_EP_Close
                0x000000000800375c       0x94 ./Drivers/STM32F4xx_HAL_Driver/Src/stm32f4xx_hal_pcd.o
                0x000000000800375c                HAL_PCD_EP_Close
 .text.HAL_PCD_EP_Receive
                0x00000000080037f0       0x96 ./Drivers/STM32F4xx_HAL_Driver/Src/stm32f4xx_hal_pcd.o
                0x00000000080037f0                HAL_PCD_EP_Receive
 .text.HAL_PCD_EP_GetRxCount
                0x0000000008003886       0x30 ./Drivers/STM32F4xx_HAL_Driver/Src/stm32f4xx_hal_pcd.o
                0x0000000008003886                HAL_PCD_EP_GetRxCount
 .text.HAL_PCD_EP_Transmit
                0x00000000080038b6       0x94 ./Drivers/STM32F4xx_HAL_Driver/Src/stm32f4xx_hal_pcd.o
                0x00000000080038b6                HAL_PCD_EP_Transmit
 .text.HAL_PCD_EP_SetStall
                0x000000000800394a       0xc8 ./Drivers/STM32F4xx_HAL_Driver/Src/stm32f4xx_hal_pcd.o
                0x000000000800394a                HAL_PCD_EP_SetStall
 .text.HAL_PCD_EP_ClrStall
                0x0000000008003a12       0xac ./Drivers/STM32F4xx_HAL_Driver/Src/stm32f4xx_hal_pcd.o
                0x0000000008003a12                HAL_PCD_EP_ClrStall
 .text.HAL_PCD_EP_Abort
                0x0000000008003abe       0x62 ./Drivers/STM32F4xx_HAL_Driver/Src/stm32f4xx_hal_pcd.o
                0x0000000008003abe                HAL_PCD_EP_Abort
 .text.PCD_WriteEmptyTxFifo
                0x0000000008003b20      0x11a ./Drivers/STM32F4xx_HAL_Driver/Src/stm32f4xx_hal_pcd.o
 *fill*         0x0000000008003c3a        0x2 
 .text.PCD_EP_OutXfrComplete_int
                0x0000000008003c3c      0x1d0 ./Drivers/STM32F4xx_HAL_Driver/Src/stm32f4xx_hal_pcd.o
 .text.PCD_EP_OutSetupPacket_int
                0x0000000008003e0c       0x8c ./Drivers/STM32F4xx_HAL_Driver/Src/stm32f4xx_hal_pcd.o
 .text.HAL_PCDEx_SetTxFiFo
                0x0000000008003e98       0x8e ./Drivers/STM32F4xx_HAL_Driver/Src/stm32f4xx_hal_pcd_ex.o
                0x0000000008003e98                HAL_PCDEx_SetTxFiFo
 .text.HAL_PCDEx_SetRxFiFo
                0x0000000008003f26       0x22 ./Drivers/STM32F4xx_HAL_Driver/Src/stm32f4xx_hal_pcd_ex.o
                0x0000000008003f26                HAL_PCDEx_SetRxFiFo
 .text.HAL_PCDEx_LPM_Callback
                0x0000000008003f48       0x18 ./Drivers/STM32F4xx_HAL_Driver/Src/stm32f4xx_hal_pcd_ex.o
                0x0000000008003f48                HAL_PCDEx_LPM_Callback
 .text.HAL_RCC_OscConfig
                0x0000000008003f60      0x4f0 ./Drivers/STM32F4xx_HAL_Driver/Src/stm32f4xx_hal_rcc.o
                0x0000000008003f60                HAL_RCC_OscConfig
 .text.HAL_RCC_ClockConfig
                0x0000000008004450      0x1cc ./Drivers/STM32F4xx_HAL_Driver/Src/stm32f4xx_hal_rcc.o
                0x0000000008004450                HAL_RCC_ClockConfig
 .text.HAL_RCC_GetSysClockFreq
                0x000000000800461c      0x20c ./Drivers/STM32F4xx_HAL_Driver/Src/stm32f4xx_hal_rcc.o
                0x000000000800461c                HAL_RCC_GetSysClockFreq
 .text.HAL_RCC_GetHCLKFreq
                0x0000000008004828       0x18 ./Drivers/STM32F4xx_HAL_Driver/Src/stm32f4xx_hal_rcc.o
                0x0000000008004828                HAL_RCC_GetHCLKFreq
 .text.HAL_RCC_GetPCLK1Freq
                0x0000000008004840       0x28 ./Drivers/STM32F4xx_HAL_Driver/Src/stm32f4xx_hal_rcc.o
                0x0000000008004840                HAL_RCC_GetPCLK1Freq
 .text.HAL_RCC_GetPCLK2Freq
                0x0000000008004868       0x28 ./Drivers/STM32F4xx_HAL_Driver/Src/stm32f4xx_hal_rcc.o
                0x0000000008004868                HAL_RCC_GetPCLK2Freq
 .text.HAL_RCC_GetClockConfig
                0x0000000008004890       0x64 ./Drivers/STM32F4xx_HAL_Driver/Src/stm32f4xx_hal_rcc.o
                0x0000000008004890                HAL_RCC_GetClockConfig
 .text.HAL_RCCEx_PeriphCLKConfig
                0x00000000080048f4      0x1e0 ./Drivers/STM32F4xx_HAL_Driver/Src/stm32f4xx_hal_rcc_ex.o
                0x00000000080048f4                HAL_RCCEx_PeriphCLKConfig
 .text.HAL_RCCEx_GetPeriphCLKFreq
                0x0000000008004ad4       0xc0 ./Drivers/STM32F4xx_HAL_Driver/Src/stm32f4xx_hal_rcc_ex.o
                0x0000000008004ad4                HAL_RCCEx_GetPeriphCLKFreq
 .text.HAL_SPI_Init
                0x0000000008004b94      0x112 ./Drivers/STM32F4xx_HAL_Driver/Src/stm32f4xx_hal_spi.o
                0x0000000008004b94                HAL_SPI_Init
 .text.HAL_TIM_Base_Init
                0x0000000008004ca6       0x9e ./Drivers/STM32F4xx_HAL_Driver/Src/stm32f4xx_hal_tim.o
                0x0000000008004ca6                HAL_TIM_Base_Init
 .text.HAL_TIM_Base_MspInit
                0x0000000008004d44       0x14 ./Drivers/STM32F4xx_HAL_Driver/Src/stm32f4xx_hal_tim.o
                0x0000000008004d44                HAL_TIM_Base_MspInit
 .text.HAL_TIM_Base_Start_IT
                0x0000000008004d58       0xc4 ./Drivers/STM32F4xx_HAL_Driver/Src/stm32f4xx_hal_tim.o
                0x0000000008004d58                HAL_TIM_Base_Start_IT
 .text.HAL_TIM_IRQHandler
                0x0000000008004e1c      0x210 ./Drivers/STM32F4xx_HAL_Driver/Src/stm32f4xx_hal_tim.o
                0x0000000008004e1c                HAL_TIM_IRQHandler
 .text.HAL_TIM_OC_DelayElapsedCallback
                0x000000000800502c       0x14 ./Drivers/STM32F4xx_HAL_Driver/Src/stm32f4xx_hal_tim.o
                0x000000000800502c                HAL_TIM_OC_DelayElapsedCallback
 .text.HAL_TIM_IC_CaptureCallback
                0x0000000008005040       0x14 ./Drivers/STM32F4xx_HAL_Driver/Src/stm32f4xx_hal_tim.o
                0x0000000008005040                HAL_TIM_IC_CaptureCallback
 .text.HAL_TIM_PWM_PulseFinishedCallback
                0x0000000008005054       0x14 ./Drivers/STM32F4xx_HAL_Driver/Src/stm32f4xx_hal_tim.o
                0x0000000008005054                HAL_TIM_PWM_PulseFinishedCallback
 .text.HAL_TIM_TriggerCallback
                0x0000000008005068       0x14 ./Drivers/STM32F4xx_HAL_Driver/Src/stm32f4xx_hal_tim.o
                0x0000000008005068                HAL_TIM_TriggerCallback
 .text.TIM_Base_SetConfig
                0x000000000800507c      0x100 ./Drivers/STM32F4xx_HAL_Driver/Src/stm32f4xx_hal_tim.o
                0x000000000800507c                TIM_Base_SetConfig
 .text.HAL_TIMEx_CommutCallback
                0x000000000800517c       0x14 ./Drivers/STM32F4xx_HAL_Driver/Src/stm32f4xx_hal_tim_ex.o
                0x000000000800517c                HAL_TIMEx_CommutCallback
 .text.HAL_TIMEx_BreakCallback
                0x0000000008005190       0x14 ./Drivers/STM32F4xx_HAL_Driver/Src/stm32f4xx_hal_tim_ex.o
                0x0000000008005190                HAL_TIMEx_BreakCallback
 .text.HAL_UART_Init
                0x00000000080051a4       0x9a ./Drivers/STM32F4xx_HAL_Driver/Src/stm32f4xx_hal_uart.o
                0x00000000080051a4                HAL_UART_Init
 .text.HAL_UART_Transmit
                0x000000000800523e      0x124 ./Drivers/STM32F4xx_HAL_Driver/Src/stm32f4xx_hal_uart.o
                0x000000000800523e                HAL_UART_Transmit
 .text.HAL_UART_Receive
                0x0000000008005362      0x144 ./Drivers/STM32F4xx_HAL_Driver/Src/stm32f4xx_hal_uart.o
                0x0000000008005362                HAL_UART_Receive
 .text.HAL_UART_Receive_IT
                0x00000000080054a6       0x60 ./Drivers/STM32F4xx_HAL_Driver/Src/stm32f4xx_hal_uart.o
                0x00000000080054a6                HAL_UART_Receive_IT
 *fill*         0x0000000008005506        0x2 
 .text.HAL_UART_IRQHandler
                0x0000000008005508      0x51c ./Drivers/STM32F4xx_HAL_Driver/Src/stm32f4xx_hal_uart.o
                0x0000000008005508                HAL_UART_IRQHandler
 .text.HAL_UART_TxCpltCallback
                0x0000000008005a24       0x14 ./Drivers/STM32F4xx_HAL_Driver/Src/stm32f4xx_hal_uart.o
                0x0000000008005a24                HAL_UART_TxCpltCallback
 .text.HAL_UART_ErrorCallback
                0x0000000008005a38       0x14 ./Drivers/STM32F4xx_HAL_Driver/Src/stm32f4xx_hal_uart.o
                0x0000000008005a38                HAL_UART_ErrorCallback
 .text.HAL_UARTEx_RxEventCallback
                0x0000000008005a4c       0x18 ./Drivers/STM32F4xx_HAL_Driver/Src/stm32f4xx_hal_uart.o
                0x0000000008005a4c                HAL_UARTEx_RxEventCallback
 .text.UART_WaitOnFlagUntilTimeout
                0x0000000008005a64       0xdc ./Drivers/STM32F4xx_HAL_Driver/Src/stm32f4xx_hal_uart.o
 .text.UART_Start_Receive_IT
                0x0000000008005b40       0x7c ./Drivers/STM32F4xx_HAL_Driver/Src/stm32f4xx_hal_uart.o
                0x0000000008005b40                UART_Start_Receive_IT
 .text.UART_EndRxTransfer
                0x0000000008005bbc       0xc6 ./Drivers/STM32F4xx_HAL_Driver/Src/stm32f4xx_hal_uart.o
 .text.UART_DMAAbortOnError
                0x0000000008005c82       0x28 ./Drivers/STM32F4xx_HAL_Driver/Src/stm32f4xx_hal_uart.o
 .text.UART_Transmit_IT
                0x0000000008005caa       0xa0 ./Drivers/STM32F4xx_HAL_Driver/Src/stm32f4xx_hal_uart.o
 .text.UART_EndTransmit_IT
                0x0000000008005d4a       0x30 ./Drivers/STM32F4xx_HAL_Driver/Src/stm32f4xx_hal_uart.o
 .text.UART_Receive_IT
                0x0000000008005d7a      0x176 ./Drivers/STM32F4xx_HAL_Driver/Src/stm32f4xx_hal_uart.o
 .text.UART_SetConfig
                0x0000000008005ef0      0x4e8 ./Drivers/STM32F4xx_HAL_Driver/Src/stm32f4xx_hal_uart.o
 .text.USB_CoreInit
                0x00000000080063d8       0xc2 ./Drivers/STM32F4xx_HAL_Driver/Src/stm32f4xx_ll_usb.o
                0x00000000080063d8                USB_CoreInit
 *fill*         0x000000000800649a        0x2 
 .text.USB_SetTurnaroundTime
                0x000000000800649c      0x144 ./Drivers/STM32F4xx_HAL_Driver/Src/stm32f4xx_ll_usb.o
                0x000000000800649c                USB_SetTurnaroundTime
 .text.USB_EnableGlobalInt
                0x00000000080065e0       0x22 ./Drivers/STM32F4xx_HAL_Driver/Src/stm32f4xx_ll_usb.o
                0x00000000080065e0                USB_EnableGlobalInt
 .text.USB_DisableGlobalInt
                0x0000000008006602       0x22 ./Drivers/STM32F4xx_HAL_Driver/Src/stm32f4xx_ll_usb.o
                0x0000000008006602                USB_DisableGlobalInt
 .text.USB_SetCurrentMode
                0x0000000008006624       0x98 ./Drivers/STM32F4xx_HAL_Driver/Src/stm32f4xx_ll_usb.o
                0x0000000008006624                USB_SetCurrentMode
 .text.USB_DevInit
                0x00000000080066bc      0x2c8 ./Drivers/STM32F4xx_HAL_Driver/Src/stm32f4xx_ll_usb.o
                0x00000000080066bc                USB_DevInit
 .text.USB_FlushTxFifo
                0x0000000008006984       0x68 ./Drivers/STM32F4xx_HAL_Driver/Src/stm32f4xx_ll_usb.o
                0x0000000008006984                USB_FlushTxFifo
 .text.USB_FlushRxFifo
                0x00000000080069ec       0x60 ./Drivers/STM32F4xx_HAL_Driver/Src/stm32f4xx_ll_usb.o
                0x00000000080069ec                USB_FlushRxFifo
 .text.USB_SetDevSpeed
                0x0000000008006a4c       0x32 ./Drivers/STM32F4xx_HAL_Driver/Src/stm32f4xx_ll_usb.o
                0x0000000008006a4c                USB_SetDevSpeed
 .text.USB_GetDevSpeed
                0x0000000008006a7e       0x4a ./Drivers/STM32F4xx_HAL_Driver/Src/stm32f4xx_ll_usb.o
                0x0000000008006a7e                USB_GetDevSpeed
 .text.USB_ActivateEndpoint
                0x0000000008006ac8      0x10e ./Drivers/STM32F4xx_HAL_Driver/Src/stm32f4xx_ll_usb.o
                0x0000000008006ac8                USB_ActivateEndpoint
 *fill*         0x0000000008006bd6        0x2 
 .text.USB_DeactivateEndpoint
                0x0000000008006bd8      0x1b8 ./Drivers/STM32F4xx_HAL_Driver/Src/stm32f4xx_ll_usb.o
                0x0000000008006bd8                USB_DeactivateEndpoint
 .text.USB_EPStartXfer
                0x0000000008006d90      0x490 ./Drivers/STM32F4xx_HAL_Driver/Src/stm32f4xx_ll_usb.o
                0x0000000008006d90                USB_EPStartXfer
 .text.USB_EP0StartXfer
                0x0000000008007220      0x2b0 ./Drivers/STM32F4xx_HAL_Driver/Src/stm32f4xx_ll_usb.o
                0x0000000008007220                USB_EP0StartXfer
 .text.USB_EPStopXfer
                0x00000000080074d0      0x154 ./Drivers/STM32F4xx_HAL_Driver/Src/stm32f4xx_ll_usb.o
                0x00000000080074d0                USB_EPStopXfer
 .text.USB_WritePacket
                0x0000000008007624       0x7c ./Drivers/STM32F4xx_HAL_Driver/Src/stm32f4xx_ll_usb.o
                0x0000000008007624                USB_WritePacket
 .text.USB_ReadPacket
                0x00000000080076a0       0xb0 ./Drivers/STM32F4xx_HAL_Driver/Src/stm32f4xx_ll_usb.o
                0x00000000080076a0                USB_ReadPacket
 .text.USB_EPSetStall
                0x0000000008007750       0xdc ./Drivers/STM32F4xx_HAL_Driver/Src/stm32f4xx_ll_usb.o
                0x0000000008007750                USB_EPSetStall
 .text.USB_EPClearStall
                0x000000000800782c       0xcc ./Drivers/STM32F4xx_HAL_Driver/Src/stm32f4xx_ll_usb.o
                0x000000000800782c                USB_EPClearStall
 .text.USB_SetDevAddress
                0x00000000080078f8       0x4c ./Drivers/STM32F4xx_HAL_Driver/Src/stm32f4xx_ll_usb.o
                0x00000000080078f8                USB_SetDevAddress
 .text.USB_DevConnect
                0x0000000008007944       0x42 ./Drivers/STM32F4xx_HAL_Driver/Src/stm32f4xx_ll_usb.o
                0x0000000008007944                USB_DevConnect
 .text.USB_DevDisconnect
                0x0000000008007986       0x42 ./Drivers/STM32F4xx_HAL_Driver/Src/stm32f4xx_ll_usb.o
                0x0000000008007986                USB_DevDisconnect
 .text.USB_ReadInterrupts
                0x00000000080079c8       0x26 ./Drivers/STM32F4xx_HAL_Driver/Src/stm32f4xx_ll_usb.o
                0x00000000080079c8                USB_ReadInterrupts
 .text.USB_ReadDevAllOutEpInterrupt
                0x00000000080079ee       0x34 ./Drivers/STM32F4xx_HAL_Driver/Src/stm32f4xx_ll_usb.o
                0x00000000080079ee                USB_ReadDevAllOutEpInterrupt
 .text.USB_ReadDevAllInEpInterrupt
                0x0000000008007a22       0x34 ./Drivers/STM32F4xx_HAL_Driver/Src/stm32f4xx_ll_usb.o
                0x0000000008007a22                USB_ReadDevAllInEpInterrupt
 .text.USB_ReadDevOutEPInterrupt
                0x0000000008007a56       0x3c ./Drivers/STM32F4xx_HAL_Driver/Src/stm32f4xx_ll_usb.o
                0x0000000008007a56                USB_ReadDevOutEPInterrupt
 .text.USB_ReadDevInEPInterrupt
                0x0000000008007a92       0x5c ./Drivers/STM32F4xx_HAL_Driver/Src/stm32f4xx_ll_usb.o
                0x0000000008007a92                USB_ReadDevInEPInterrupt
 .text.USB_GetMode
                0x0000000008007aee       0x1c ./Drivers/STM32F4xx_HAL_Driver/Src/stm32f4xx_ll_usb.o
                0x0000000008007aee                USB_GetMode
 .text.USB_ActivateSetup
                0x0000000008007b0a       0x46 ./Drivers/STM32F4xx_HAL_Driver/Src/stm32f4xx_ll_usb.o
                0x0000000008007b0a                USB_ActivateSetup
 .text.USB_EP0_OutStart
                0x0000000008007b50       0xbc ./Drivers/STM32F4xx_HAL_Driver/Src/stm32f4xx_ll_usb.o
                0x0000000008007b50                USB_EP0_OutStart
 .text.USB_CoreReset
                0x0000000008007c0c       0x68 ./Drivers/STM32F4xx_HAL_Driver/Src/stm32f4xx_ll_usb.o
 .text.USBD_CDC_Init
                0x0000000008007c74      0x1f0 ./Middlewares/ST/STM32_USB_Device_Library/Class/CDC/Src/usbd_cdc.o
 .text.USBD_CDC_DeInit
                0x0000000008007e64      0x104 ./Middlewares/ST/STM32_USB_Device_Library/Class/CDC/Src/usbd_cdc.o
 .text.USBD_CDC_Setup
                0x0000000008007f68      0x1b8 ./Middlewares/ST/STM32_USB_Device_Library/Class/CDC/Src/usbd_cdc.o
 .text.USBD_CDC_DataIn
                0x0000000008008120       0xfe ./Middlewares/ST/STM32_USB_Device_Library/Class/CDC/Src/usbd_cdc.o
 .text.USBD_CDC_DataOut
                0x000000000800821e       0x70 ./Middlewares/ST/STM32_USB_Device_Library/Class/CDC/Src/usbd_cdc.o
 .text.USBD_CDC_EP0_RxReady
                0x000000000800828e       0x76 ./Middlewares/ST/STM32_USB_Device_Library/Class/CDC/Src/usbd_cdc.o
 .text.USBD_CDC_GetFSCfgDesc
                0x0000000008008304       0x70 ./Middlewares/ST/STM32_USB_Device_Library/Class/CDC/Src/usbd_cdc.o
 .text.USBD_CDC_GetHSCfgDesc
                0x0000000008008374       0x70 ./Middlewares/ST/STM32_USB_Device_Library/Class/CDC/Src/usbd_cdc.o
 .text.USBD_CDC_GetOtherSpeedCfgDesc
                0x00000000080083e4       0x70 ./Middlewares/ST/STM32_USB_Device_Library/Class/CDC/Src/usbd_cdc.o
 .text.USBD_CDC_GetDeviceQualifierDescriptor
                0x0000000008008454       0x20 ./Middlewares/ST/STM32_USB_Device_Library/Class/CDC/Src/usbd_cdc.o
                0x0000000008008454                USBD_CDC_GetDeviceQualifierDescriptor
 .text.USBD_CDC_RegisterInterface
                0x0000000008008474       0x34 ./Middlewares/ST/STM32_USB_Device_Library/Class/CDC/Src/usbd_cdc.o
                0x0000000008008474                USBD_CDC_RegisterInterface
 .text.USBD_CDC_SetTxBuffer
                0x00000000080084a8       0x44 ./Middlewares/ST/STM32_USB_Device_Library/Class/CDC/Src/usbd_cdc.o
                0x00000000080084a8                USBD_CDC_SetTxBuffer
 .text.USBD_CDC_SetRxBuffer
                0x00000000080084ec       0x3a ./Middlewares/ST/STM32_USB_Device_Library/Class/CDC/Src/usbd_cdc.o
                0x00000000080084ec                USBD_CDC_SetRxBuffer
 *fill*         0x0000000008008526        0x2 
 .text.USBD_CDC_ReceivePacket
                0x0000000008008528       0x6c ./Middlewares/ST/STM32_USB_Device_Library/Class/CDC/Src/usbd_cdc.o
                0x0000000008008528                USBD_CDC_ReceivePacket
 .text.USBD_Init
                0x0000000008008594       0x60 ./Middlewares/ST/STM32_USB_Device_Library/Core/Src/usbd_core.o
                0x0000000008008594                USBD_Init
 .text.USBD_RegisterClass
                0x00000000080085f4       0x6c ./Middlewares/ST/STM32_USB_Device_Library/Core/Src/usbd_core.o
                0x00000000080085f4                USBD_RegisterClass
 .text.USBD_Start
                0x0000000008008660       0x18 ./Middlewares/ST/STM32_USB_Device_Library/Core/Src/usbd_core.o
                0x0000000008008660                USBD_Start
 .text.USBD_RunTestMode
                0x0000000008008678       0x16 ./Middlewares/ST/STM32_USB_Device_Library/Core/Src/usbd_core.o
                0x0000000008008678                USBD_RunTestMode
 .text.USBD_SetClassConfig
                0x000000000800868e       0x38 ./Middlewares/ST/STM32_USB_Device_Library/Core/Src/usbd_core.o
                0x000000000800868e                USBD_SetClassConfig
 .text.USBD_ClrClassConfig
                0x00000000080086c6       0x34 ./Middlewares/ST/STM32_USB_Device_Library/Core/Src/usbd_core.o
                0x00000000080086c6                USBD_ClrClassConfig
 .text.USBD_LL_SetupStage
                0x00000000080086fa       0xaa ./Middlewares/ST/STM32_USB_Device_Library/Core/Src/usbd_core.o
                0x00000000080086fa                USBD_LL_SetupStage
 .text.USBD_LL_DataOutStage
                0x00000000080087a4      0x166 ./Middlewares/ST/STM32_USB_Device_Library/Core/Src/usbd_core.o
                0x00000000080087a4                USBD_LL_DataOutStage
 .text.USBD_LL_DataInStage
                0x000000000800890a      0x164 ./Middlewares/ST/STM32_USB_Device_Library/Core/Src/usbd_core.o
                0x000000000800890a                USBD_LL_DataInStage
 .text.USBD_LL_Reset
                0x0000000008008a6e       0xa4 ./Middlewares/ST/STM32_USB_Device_Library/Core/Src/usbd_core.o
                0x0000000008008a6e                USBD_LL_Reset
 .text.USBD_LL_SetSpeed
                0x0000000008008b12       0x20 ./Middlewares/ST/STM32_USB_Device_Library/Core/Src/usbd_core.o
                0x0000000008008b12                USBD_LL_SetSpeed
 .text.USBD_LL_Suspend
                0x0000000008008b32       0x2c ./Middlewares/ST/STM32_USB_Device_Library/Core/Src/usbd_core.o
                0x0000000008008b32                USBD_LL_Suspend
 .text.USBD_LL_Resume
                0x0000000008008b5e       0x30 ./Middlewares/ST/STM32_USB_Device_Library/Core/Src/usbd_core.o
                0x0000000008008b5e                USBD_LL_Resume
 .text.USBD_LL_SOF
                0x0000000008008b8e       0x40 ./Middlewares/ST/STM32_USB_Device_Library/Core/Src/usbd_core.o
                0x0000000008008b8e                USBD_LL_SOF
 .text.USBD_LL_IsoINIncomplete
                0x0000000008008bce       0x64 ./Middlewares/ST/STM32_USB_Device_Library/Core/Src/usbd_core.o
                0x0000000008008bce                USBD_LL_IsoINIncomplete
 .text.USBD_LL_IsoOUTIncomplete
                0x0000000008008c32       0x64 ./Middlewares/ST/STM32_USB_Device_Library/Core/Src/usbd_core.o
                0x0000000008008c32                USBD_LL_IsoOUTIncomplete
 .text.USBD_LL_DevConnected
                0x0000000008008c96       0x16 ./Middlewares/ST/STM32_USB_Device_Library/Core/Src/usbd_core.o
                0x0000000008008c96                USBD_LL_DevConnected
 .text.USBD_LL_DevDisconnected
                0x0000000008008cac       0x46 ./Middlewares/ST/STM32_USB_Device_Library/Core/Src/usbd_core.o
                0x0000000008008cac                USBD_LL_DevDisconnected
 .text.USBD_CoreFindIF
                0x0000000008008cf2       0x1a ./Middlewares/ST/STM32_USB_Device_Library/Core/Src/usbd_core.o
                0x0000000008008cf2                USBD_CoreFindIF
 .text.USBD_CoreFindEP
                0x0000000008008d0c       0x1a ./Middlewares/ST/STM32_USB_Device_Library/Core/Src/usbd_core.o
                0x0000000008008d0c                USBD_CoreFindEP
 .text.USBD_GetEpDesc
                0x0000000008008d26       0x74 ./Middlewares/ST/STM32_USB_Device_Library/Core/Src/usbd_core.o
                0x0000000008008d26                USBD_GetEpDesc
 .text.USBD_GetNextDesc
                0x0000000008008d9a       0x3a ./Middlewares/ST/STM32_USB_Device_Library/Core/Src/usbd_core.o
                0x0000000008008d9a                USBD_GetNextDesc
 .text.SWAPBYTE
                0x0000000008008dd4       0x3c ./Middlewares/ST/STM32_USB_Device_Library/Core/Src/usbd_ctlreq.o
 .text.USBD_StdDevReq
                0x0000000008008e10       0xe4 ./Middlewares/ST/STM32_USB_Device_Library/Core/Src/usbd_ctlreq.o
                0x0000000008008e10                USBD_StdDevReq
 .text.USBD_StdItfReq
                0x0000000008008ef4       0xd8 ./Middlewares/ST/STM32_USB_Device_Library/Core/Src/usbd_ctlreq.o
                0x0000000008008ef4                USBD_StdItfReq
 .text.USBD_StdEPReq
                0x0000000008008fcc      0x33a ./Middlewares/ST/STM32_USB_Device_Library/Core/Src/usbd_ctlreq.o
                0x0000000008008fcc                USBD_StdEPReq
 *fill*         0x0000000008009306        0x2 
 .text.USBD_GetDescriptor
                0x0000000008009308      0x2d4 ./Middlewares/ST/STM32_USB_Device_Library/Core/Src/usbd_ctlreq.o
 .text.USBD_SetAddress
                0x00000000080095dc       0x88 ./Middlewares/ST/STM32_USB_Device_Library/Core/Src/usbd_ctlreq.o
 .text.USBD_SetConfig
                0x0000000008009664      0x154 ./Middlewares/ST/STM32_USB_Device_Library/Core/Src/usbd_ctlreq.o
 .text.USBD_GetConfig
                0x00000000080097b8       0x6c ./Middlewares/ST/STM32_USB_Device_Library/Core/Src/usbd_ctlreq.o
 .text.USBD_GetStatus
                0x0000000008009824       0x68 ./Middlewares/ST/STM32_USB_Device_Library/Core/Src/usbd_ctlreq.o
 .text.USBD_SetFeature
                0x000000000800988c       0x52 ./Middlewares/ST/STM32_USB_Device_Library/Core/Src/usbd_ctlreq.o
 .text.USBD_ClrFeature
                0x00000000080098de       0x44 ./Middlewares/ST/STM32_USB_Device_Library/Core/Src/usbd_ctlreq.o
 .text.USBD_ParseSetupRequest
                0x0000000008009922       0x74 ./Middlewares/ST/STM32_USB_Device_Library/Core/Src/usbd_ctlreq.o
                0x0000000008009922                USBD_ParseSetupRequest
 .text.USBD_CtlError
                0x0000000008009996       0x22 ./Middlewares/ST/STM32_USB_Device_Library/Core/Src/usbd_ctlreq.o
                0x0000000008009996                USBD_CtlError
 .text.USBD_GetString
                0x00000000080099b8       0x8c ./Middlewares/ST/STM32_USB_Device_Library/Core/Src/usbd_ctlreq.o
                0x00000000080099b8                USBD_GetString
 .text.USBD_GetLen
                0x0000000008009a44       0x34 ./Middlewares/ST/STM32_USB_Device_Library/Core/Src/usbd_ctlreq.o
 .text.USBD_CtlSendData
                0x0000000008009a78       0x36 ./Middlewares/ST/STM32_USB_Device_Library/Core/Src/usbd_ioreq.o
                0x0000000008009a78                USBD_CtlSendData
 .text.USBD_CtlContinueSendData
                0x0000000008009aae       0x22 ./Middlewares/ST/STM32_USB_Device_Library/Core/Src/usbd_ioreq.o
                0x0000000008009aae                USBD_CtlContinueSendData
 .text.USBD_CtlPrepareRx
                0x0000000008009ad0       0x3a ./Middlewares/ST/STM32_USB_Device_Library/Core/Src/usbd_ioreq.o
                0x0000000008009ad0                USBD_CtlPrepareRx
 .text.USBD_CtlContinueRx
                0x0000000008009b0a       0x22 ./Middlewares/ST/STM32_USB_Device_Library/Core/Src/usbd_ioreq.o
                0x0000000008009b0a                USBD_CtlContinueRx
 .text.USBD_CtlSendStatus
                0x0000000008009b2c       0x26 ./Middlewares/ST/STM32_USB_Device_Library/Core/Src/usbd_ioreq.o
                0x0000000008009b2c                USBD_CtlSendStatus
 .text.USBD_CtlReceiveStatus
                0x0000000008009b52       0x26 ./Middlewares/ST/STM32_USB_Device_Library/Core/Src/usbd_ioreq.o
                0x0000000008009b52                USBD_CtlReceiveStatus
 .text.__NVIC_SetPriority
                0x0000000008009b78       0x54 ./Middlewares/Third_Party/FreeRTOS/Source/CMSIS_RTOS_V2/cmsis_os2.o
 .text.SysTick_Handler
                0x0000000008009bcc       0x20 ./Middlewares/Third_Party/FreeRTOS/Source/CMSIS_RTOS_V2/cmsis_os2.o
                0x0000000008009bcc                SysTick_Handler
 .text.SVC_Setup
                0x0000000008009bec       0x12 ./Middlewares/Third_Party/FreeRTOS/Source/CMSIS_RTOS_V2/cmsis_os2.o
 *fill*         0x0000000008009bfe        0x2 
 .text.osKernelInitialize
                0x0000000008009c00       0x48 ./Middlewares/Third_Party/FreeRTOS/Source/CMSIS_RTOS_V2/cmsis_os2.o
                0x0000000008009c00                osKernelInitialize
 .text.osKernelStart
                0x0000000008009c48       0x4c ./Middlewares/Third_Party/FreeRTOS/Source/CMSIS_RTOS_V2/cmsis_os2.o
                0x0000000008009c48                osKernelStart
 .text.osThreadNew
                0x0000000008009c94      0x124 ./Middlewares/Third_Party/FreeRTOS/Source/CMSIS_RTOS_V2/cmsis_os2.o
                0x0000000008009c94                osThreadNew
 .text.osDelay  0x0000000008009db8       0x36 ./Middlewares/Third_Party/FreeRTOS/Source/CMSIS_RTOS_V2/cmsis_os2.o
                0x0000000008009db8                osDelay
 *fill*         0x0000000008009dee        0x2 
 .text.vApplicationGetIdleTaskMemory
                0x0000000008009df0       0x34 ./Middlewares/Third_Party/FreeRTOS/Source/CMSIS_RTOS_V2/cmsis_os2.o
                0x0000000008009df0                vApplicationGetIdleTaskMemory
 .text.vApplicationGetTimerTaskMemory
                0x0000000008009e24       0x34 ./Middlewares/Third_Party/FreeRTOS/Source/CMSIS_RTOS_V2/cmsis_os2.o
                0x0000000008009e24                vApplicationGetTimerTaskMemory
 .text.vListInitialise
                0x0000000008009e58       0x40 ./Middlewares/Third_Party/FreeRTOS/Source/list.o
                0x0000000008009e58                vListInitialise
 .text.vListInitialiseItem
                0x0000000008009e98       0x1a ./Middlewares/Third_Party/FreeRTOS/Source/list.o
                0x0000000008009e98                vListInitialiseItem
 .text.vListInsertEnd
                0x0000000008009eb2       0x48 ./Middlewares/Third_Party/FreeRTOS/Source/list.o
                0x0000000008009eb2                vListInsertEnd
 .text.vListInsert
                0x0000000008009efa       0x72 ./Middlewares/Third_Party/FreeRTOS/Source/list.o
                0x0000000008009efa                vListInsert
 .text.uxListRemove
                0x0000000008009f6c       0x54 ./Middlewares/Third_Party/FreeRTOS/Source/list.o
                0x0000000008009f6c                uxListRemove
 .text.xQueueGenericReset
                0x0000000008009fc0       0xd0 ./Middlewares/Third_Party/FreeRTOS/Source/queue.o
                0x0000000008009fc0                xQueueGenericReset
 .text.xQueueGenericCreateStatic
                0x000000000800a090       0xf0 ./Middlewares/Third_Party/FreeRTOS/Source/queue.o
                0x000000000800a090                xQueueGenericCreateStatic
 .text.prvInitialiseNewQueue
                0x000000000800a180       0x46 ./Middlewares/Third_Party/FreeRTOS/Source/queue.o
 *fill*         0x000000000800a1c6        0x2 
 .text.xQueueGenericSend
                0x000000000800a1c8      0x1fc ./Middlewares/Third_Party/FreeRTOS/Source/queue.o
                0x000000000800a1c8                xQueueGenericSend
 .text.xQueueGenericSendFromISR
                0x000000000800a3c4      0x136 ./Middlewares/Third_Party/FreeRTOS/Source/queue.o
                0x000000000800a3c4                xQueueGenericSendFromISR
 *fill*         0x000000000800a4fa        0x2 
 .text.xQueueReceive
                0x000000000800a4fc      0x1c0 ./Middlewares/Third_Party/FreeRTOS/Source/queue.o
                0x000000000800a4fc                xQueueReceive
 .text.prvCopyDataToQueue
                0x000000000800a6bc       0xd4 ./Middlewares/Third_Party/FreeRTOS/Source/queue.o
 .text.prvCopyDataFromQueue
                0x000000000800a790       0x4c ./Middlewares/Third_Party/FreeRTOS/Source/queue.o
 .text.prvUnlockQueue
                0x000000000800a7dc       0xa4 ./Middlewares/Third_Party/FreeRTOS/Source/queue.o
 .text.prvIsQueueEmpty
                0x000000000800a880       0x2c ./Middlewares/Third_Party/FreeRTOS/Source/queue.o
 .text.prvIsQueueFull
                0x000000000800a8ac       0x30 ./Middlewares/Third_Party/FreeRTOS/Source/queue.o
 .text.vQueueAddToRegistry
                0x000000000800a8dc       0x54 ./Middlewares/Third_Party/FreeRTOS/Source/queue.o
                0x000000000800a8dc                vQueueAddToRegistry
 .text.vQueueWaitForMessageRestricted
                0x000000000800a930       0x68 ./Middlewares/Third_Party/FreeRTOS/Source/queue.o
                0x000000000800a930                vQueueWaitForMessageRestricted
 .text.xTaskCreateStatic
                0x000000000800a998       0xba ./Middlewares/Third_Party/FreeRTOS/Source/tasks.o
                0x000000000800a998                xTaskCreateStatic
 .text.xTaskCreate
                0x000000000800aa52       0x8a ./Middlewares/Third_Party/FreeRTOS/Source/tasks.o
                0x000000000800aa52                xTaskCreate
 .text.prvInitialiseNewTask
                0x000000000800aadc      0x14c ./Middlewares/Third_Party/FreeRTOS/Source/tasks.o
 .text.prvAddNewTaskToReadyList
                0x000000000800ac28       0xe0 ./Middlewares/Third_Party/FreeRTOS/Source/tasks.o
 .text.vTaskDelay
                0x000000000800ad08       0x68 ./Middlewares/Third_Party/FreeRTOS/Source/tasks.o
                0x000000000800ad08                vTaskDelay
 .text.vTaskStartScheduler
                0x000000000800ad70       0xe0 ./Middlewares/Third_Party/FreeRTOS/Source/tasks.o
                0x000000000800ad70                vTaskStartScheduler
 .text.vTaskSuspendAll
                0x000000000800ae50       0x1c ./Middlewares/Third_Party/FreeRTOS/Source/tasks.o
                0x000000000800ae50                vTaskSuspendAll
 .text.xTaskResumeAll
                0x000000000800ae6c      0x13c ./Middlewares/Third_Party/FreeRTOS/Source/tasks.o
                0x000000000800ae6c                xTaskResumeAll
 .text.xTaskGetTickCount
                0x000000000800afa8       0x20 ./Middlewares/Third_Party/FreeRTOS/Source/tasks.o
                0x000000000800afa8                xTaskGetTickCount
 .text.xTaskIncrementTick
                0x000000000800afc8      0x174 ./Middlewares/Third_Party/FreeRTOS/Source/tasks.o
                0x000000000800afc8                xTaskIncrementTick
 .text.vTaskSwitchContext
                0x000000000800b13c       0xc8 ./Middlewares/Third_Party/FreeRTOS/Source/tasks.o
                0x000000000800b13c                vTaskSwitchContext
 .text.vTaskPlaceOnEventList
                0x000000000800b204       0x48 ./Middlewares/Third_Party/FreeRTOS/Source/tasks.o
                0x000000000800b204                vTaskPlaceOnEventList
 .text.vTaskPlaceOnEventListRestricted
                0x000000000800b24c       0x58 ./Middlewares/Third_Party/FreeRTOS/Source/tasks.o
                0x000000000800b24c                vTaskPlaceOnEventListRestricted
 .text.xTaskRemoveFromEventList
                0x000000000800b2a4       0xc8 ./Middlewares/Third_Party/FreeRTOS/Source/tasks.o
                0x000000000800b2a4                xTaskRemoveFromEventList
 .text.vTaskInternalSetTimeOutState
                0x000000000800b36c       0x2c ./Middlewares/Third_Party/FreeRTOS/Source/tasks.o
                0x000000000800b36c                vTaskInternalSetTimeOutState
 .text.xTaskCheckForTimeOut
                0x000000000800b398       0xc4 ./Middlewares/Third_Party/FreeRTOS/Source/tasks.o
                0x000000000800b398                xTaskCheckForTimeOut
 .text.vTaskMissedYield
                0x000000000800b45c       0x18 ./Middlewares/Third_Party/FreeRTOS/Source/tasks.o
                0x000000000800b45c                vTaskMissedYield
 .text.prvIdleTask
                0x000000000800b474       0x30 ./Middlewares/Third_Party/FreeRTOS/Source/tasks.o
 .text.prvInitialiseTaskLists
                0x000000000800b4a4       0x80 ./Middlewares/Third_Party/FreeRTOS/Source/tasks.o
 .text.prvCheckTasksWaitingTermination
                0x000000000800b524       0x5c ./Middlewares/Third_Party/FreeRTOS/Source/tasks.o
 .text.prvDeleteTCB
                0x000000000800b580       0x68 ./Middlewares/Third_Party/FreeRTOS/Source/tasks.o
 .text.prvResetNextTaskUnblockTime
                0x000000000800b5e8       0x40 ./Middlewares/Third_Party/FreeRTOS/Source/tasks.o
 .text.xTaskGetSchedulerState
                0x000000000800b628       0x3c ./Middlewares/Third_Party/FreeRTOS/Source/tasks.o
                0x000000000800b628                xTaskGetSchedulerState
 .text.xTaskPriorityDisinherit
                0x000000000800b664       0xdc ./Middlewares/Third_Party/FreeRTOS/Source/tasks.o
                0x000000000800b664                xTaskPriorityDisinherit
 .text.prvAddCurrentTaskToDelayedList
                0x000000000800b740       0xa8 ./Middlewares/Third_Party/FreeRTOS/Source/tasks.o
 .text.xTimerCreateTimerTask
                0x000000000800b7e8       0x90 ./Middlewares/Third_Party/FreeRTOS/Source/timers.o
                0x000000000800b7e8                xTimerCreateTimerTask
 .text.xTimerGenericCommand
                0x000000000800b878       0x9c ./Middlewares/Third_Party/FreeRTOS/Source/timers.o
                0x000000000800b878                xTimerGenericCommand
 .text.prvProcessExpiredTimer
                0x000000000800b914       0x98 ./Middlewares/Third_Party/FreeRTOS/Source/timers.o
 .text.prvTimerTask
                0x000000000800b9ac       0x24 ./Middlewares/Third_Party/FreeRTOS/Source/timers.o
 .text.prvProcessTimerOrBlockTask
                0x000000000800b9d0       0x9c ./Middlewares/Third_Party/FreeRTOS/Source/timers.o
 .text.prvGetNextExpireTime
                0x000000000800ba6c       0x48 ./Middlewares/Third_Party/FreeRTOS/Source/timers.o
 .text.prvSampleTimeNow
                0x000000000800bab4       0x40 ./Middlewares/Third_Party/FreeRTOS/Source/timers.o
 .text.prvInsertTimerInActiveList
                0x000000000800baf4       0x84 ./Middlewares/Third_Party/FreeRTOS/Source/timers.o
 .text.prvProcessReceivedCommands
                0x000000000800bb78      0x1c4 ./Middlewares/Third_Party/FreeRTOS/Source/timers.o
 .text.prvSwitchTimerLists
                0x000000000800bd3c       0xc8 ./Middlewares/Third_Party/FreeRTOS/Source/timers.o
 .text.prvCheckForValidListAndQueue
                0x000000000800be04       0x80 ./Middlewares/Third_Party/FreeRTOS/Source/timers.o
 .text.pxPortInitialiseStack
                0x000000000800be84       0x68 ./Middlewares/Third_Party/FreeRTOS/Source/portable/GCC/ARM_CM4F/port.o
                0x000000000800be84                pxPortInitialiseStack
 .text.prvTaskExitError
                0x000000000800beec       0x58 ./Middlewares/Third_Party/FreeRTOS/Source/portable/GCC/ARM_CM4F/port.o
 *fill*         0x000000000800bf44        0xc 
 .text.SVC_Handler
                0x000000000800bf50       0x28 ./Middlewares/Third_Party/FreeRTOS/Source/portable/GCC/ARM_CM4F/port.o
                0x000000000800bf50                SVC_Handler
 .text.prvPortStartFirstTask
                0x000000000800bf78       0x28 ./Middlewares/Third_Party/FreeRTOS/Source/portable/GCC/ARM_CM4F/port.o
 .text.xPortStartScheduler
                0x000000000800bfa0      0x144 ./Middlewares/Third_Party/FreeRTOS/Source/portable/GCC/ARM_CM4F/port.o
                0x000000000800bfa0                xPortStartScheduler
 .text.vPortEnterCritical
                0x000000000800c0e4       0x60 ./Middlewares/Third_Party/FreeRTOS/Source/portable/GCC/ARM_CM4F/port.o
                0x000000000800c0e4                vPortEnterCritical
 .text.vPortExitCritical
                0x000000000800c144       0x54 ./Middlewares/Third_Party/FreeRTOS/Source/portable/GCC/ARM_CM4F/port.o
                0x000000000800c144                vPortExitCritical
 *fill*         0x000000000800c198        0x8 
 .text.PendSV_Handler
                0x000000000800c1a0       0x68 ./Middlewares/Third_Party/FreeRTOS/Source/portable/GCC/ARM_CM4F/port.o
                0x000000000800c1a0                PendSV_Handler
 .text.xPortSysTickHandler
                0x000000000800c208       0x44 ./Middlewares/Third_Party/FreeRTOS/Source/portable/GCC/ARM_CM4F/port.o
                0x000000000800c208                xPortSysTickHandler
 .text.vPortSetupTimerInterrupt
                0x000000000800c24c       0x48 ./Middlewares/Third_Party/FreeRTOS/Source/portable/GCC/ARM_CM4F/port.o
                0x000000000800c24c                vPortSetupTimerInterrupt
 .text.vPortEnableVFP
                0x000000000800c294       0x14 ./Middlewares/Third_Party/FreeRTOS/Source/portable/GCC/ARM_CM4F/port.o
 .text.vPortValidateInterruptPriority
                0x000000000800c2a8       0x80 ./Middlewares/Third_Party/FreeRTOS/Source/portable/GCC/ARM_CM4F/port.o
                0x000000000800c2a8                vPortValidateInterruptPriority
 .text.pvPortMalloc
                0x000000000800c328      0x198 ./Middlewares/Third_Party/FreeRTOS/Source/portable/MemMang/heap_4.o
                0x000000000800c328                pvPortMalloc
 .text.vPortFree
                0x000000000800c4c0       0xc4 ./Middlewares/Third_Party/FreeRTOS/Source/portable/MemMang/heap_4.o
                0x000000000800c4c0                vPortFree
 .text.prvHeapInit
                0x000000000800c584       0xc4 ./Middlewares/Third_Party/FreeRTOS/Source/portable/MemMang/heap_4.o
 .text.prvInsertBlockIntoFreeList
                0x000000000800c648       0xb4 ./Middlewares/Third_Party/FreeRTOS/Source/portable/MemMang/heap_4.o
 .text.MX_USB_DEVICE_Init
                0x000000000800c6fc       0x60 ./USB_DEVICE/App/usb_device.o
                0x000000000800c6fc                MX_USB_DEVICE_Init
 .text.CDC_Init_FS
                0x000000000800c75c       0x28 ./USB_DEVICE/App/usbd_cdc_if.o
 .text.CDC_DeInit_FS
                0x000000000800c784       0x10 ./USB_DEVICE/App/usbd_cdc_if.o
 .text.CDC_Control_FS
                0x000000000800c794       0xbc ./USB_DEVICE/App/usbd_cdc_if.o
 .text.CDC_Receive_FS
                0x000000000800c850       0x28 ./USB_DEVICE/App/usbd_cdc_if.o
 .text.CDC_TransmitCplt_FS
                0x000000000800c878       0x22 ./USB_DEVICE/App/usbd_cdc_if.o
 *fill*         0x000000000800c89a        0x2 
 .text.USBD_FS_DeviceDescriptor
                0x000000000800c89c       0x24 ./USB_DEVICE/App/usbd_desc.o
                0x000000000800c89c                USBD_FS_DeviceDescriptor
 .text.USBD_FS_LangIDStrDescriptor
                0x000000000800c8c0       0x24 ./USB_DEVICE/App/usbd_desc.o
                0x000000000800c8c0                USBD_FS_LangIDStrDescriptor
 .text.USBD_FS_ProductStrDescriptor
                0x000000000800c8e4       0x3c ./USB_DEVICE/App/usbd_desc.o
                0x000000000800c8e4                USBD_FS_ProductStrDescriptor
 .text.USBD_FS_ManufacturerStrDescriptor
                0x000000000800c920       0x28 ./USB_DEVICE/App/usbd_desc.o
                0x000000000800c920                USBD_FS_ManufacturerStrDescriptor
 .text.USBD_FS_SerialStrDescriptor
                0x000000000800c948       0x24 ./USB_DEVICE/App/usbd_desc.o
                0x000000000800c948                USBD_FS_SerialStrDescriptor
 .text.USBD_FS_ConfigStrDescriptor
                0x000000000800c96c       0x3c ./USB_DEVICE/App/usbd_desc.o
                0x000000000800c96c                USBD_FS_ConfigStrDescriptor
 .text.USBD_FS_InterfaceStrDescriptor
                0x000000000800c9a8       0x3c ./USB_DEVICE/App/usbd_desc.o
                0x000000000800c9a8                USBD_FS_InterfaceStrDescriptor
 .text.Get_SerialNum
                0x000000000800c9e4       0x58 ./USB_DEVICE/App/usbd_desc.o
 .text.IntToUnicode
                0x000000000800ca3c       0x7e ./USB_DEVICE/App/usbd_desc.o
 *fill*         0x000000000800caba        0x2 
 .text.HAL_PCD_MspInit
                0x000000000800cabc       0xc4 ./USB_DEVICE/Target/usbd_conf.o
                0x000000000800cabc                HAL_PCD_MspInit
 .text.HAL_PCD_SetupStageCallback
                0x000000000800cb80       0x24 ./USB_DEVICE/Target/usbd_conf.o
                0x000000000800cb80                HAL_PCD_SetupStageCallback
 .text.HAL_PCD_DataOutStageCallback
                0x000000000800cba4       0x36 ./USB_DEVICE/Target/usbd_conf.o
                0x000000000800cba4                HAL_PCD_DataOutStageCallback
 .text.HAL_PCD_DataInStageCallback
                0x000000000800cbda       0x34 ./USB_DEVICE/Target/usbd_conf.o
                0x000000000800cbda                HAL_PCD_DataInStageCallback
 .text.HAL_PCD_SOFCallback
                0x000000000800cc0e       0x1c ./USB_DEVICE/Target/usbd_conf.o
                0x000000000800cc0e                HAL_PCD_SOFCallback
 .text.HAL_PCD_ResetCallback
                0x000000000800cc2a       0x3c ./USB_DEVICE/Target/usbd_conf.o
                0x000000000800cc2a                HAL_PCD_ResetCallback
 *fill*         0x000000000800cc66        0x2 
 .text.HAL_PCD_SuspendCallback
                0x000000000800cc68       0x4c ./USB_DEVICE/Target/usbd_conf.o
                0x000000000800cc68                HAL_PCD_SuspendCallback
 .text.HAL_PCD_ResumeCallback
                0x000000000800ccb4       0x1c ./USB_DEVICE/Target/usbd_conf.o
                0x000000000800ccb4                HAL_PCD_ResumeCallback
 .text.HAL_PCD_ISOOUTIncompleteCallback
                0x000000000800ccd0       0x24 ./USB_DEVICE/Target/usbd_conf.o
                0x000000000800ccd0                HAL_PCD_ISOOUTIncompleteCallback
 .text.HAL_PCD_ISOINIncompleteCallback
                0x000000000800ccf4       0x24 ./USB_DEVICE/Target/usbd_conf.o
                0x000000000800ccf4                HAL_PCD_ISOINIncompleteCallback
 .text.HAL_PCD_ConnectCallback
                0x000000000800cd18       0x1c ./USB_DEVICE/Target/usbd_conf.o
                0x000000000800cd18                HAL_PCD_ConnectCallback
 .text.HAL_PCD_DisconnectCallback
                0x000000000800cd34       0x1c ./USB_DEVICE/Target/usbd_conf.o
                0x000000000800cd34                HAL_PCD_DisconnectCallback
 .text.USBD_LL_Init
                0x000000000800cd50       0x98 ./USB_DEVICE/Target/usbd_conf.o
                0x000000000800cd50                USBD_LL_Init
 .text.USBD_LL_Start
                0x000000000800cde8       0x36 ./USB_DEVICE/Target/usbd_conf.o
                0x000000000800cde8                USBD_LL_Start
 .text.USBD_LL_OpenEP
                0x000000000800ce1e       0x4c ./USB_DEVICE/Target/usbd_conf.o
                0x000000000800ce1e                USBD_LL_OpenEP
 .text.USBD_LL_CloseEP
                0x000000000800ce6a       0x3e ./USB_DEVICE/Target/usbd_conf.o
                0x000000000800ce6a                USBD_LL_CloseEP
 .text.USBD_LL_StallEP
                0x000000000800cea8       0x3e ./USB_DEVICE/Target/usbd_conf.o
                0x000000000800cea8                USBD_LL_StallEP
 .text.USBD_LL_ClearStallEP
                0x000000000800cee6       0x3e ./USB_DEVICE/Target/usbd_conf.o
                0x000000000800cee6                USBD_LL_ClearStallEP
 .text.USBD_LL_IsStallEP
                0x000000000800cf24       0x58 ./USB_DEVICE/Target/usbd_conf.o
                0x000000000800cf24                USBD_LL_IsStallEP
 .text.USBD_LL_SetUSBAddress
                0x000000000800cf7c       0x3e ./USB_DEVICE/Target/usbd_conf.o
                0x000000000800cf7c                USBD_LL_SetUSBAddress
 .text.USBD_LL_Transmit
                0x000000000800cfba       0x42 ./USB_DEVICE/Target/usbd_conf.o
                0x000000000800cfba                USBD_LL_Transmit
 .text.USBD_LL_PrepareReceive
                0x000000000800cffc       0x42 ./USB_DEVICE/Target/usbd_conf.o
                0x000000000800cffc                USBD_LL_PrepareReceive
 .text.USBD_LL_GetRxDataSize
                0x000000000800d03e       0x26 ./USB_DEVICE/Target/usbd_conf.o
                0x000000000800d03e                USBD_LL_GetRxDataSize
 .text.USBD_static_malloc
                0x000000000800d064       0x1c ./USB_DEVICE/Target/usbd_conf.o
                0x000000000800d064                USBD_static_malloc
 .text.USBD_static_free
                0x000000000800d080       0x14 ./USB_DEVICE/Target/usbd_conf.o
                0x000000000800d080                USBD_static_free
 .text.USBD_Get_USB_Status
                0x000000000800d094       0x58 ./USB_DEVICE/Target/usbd_conf.o
                0x000000000800d094                USBD_Get_USB_Status
 .text.memset   0x000000000800d0ec       0x10 /home/willoweyes/st/stm32cubeide_1.13.1/plugins/com.st.stm32cube.ide.mcu.externaltools.gnu-tools-for-stm32.11.3.rel1.linux64_1.1.0.202305231506/tools/bin/../lib/gcc/arm-none-eabi/11.3.1/../../../../arm-none-eabi/lib/thumb/v7e-m+fp/hard/libc_nano.a(libc_a-memset.o)
                0x000000000800d0ec                memset
 .text._reclaim_reent
                0x000000000800d0fc       0xac /home/willoweyes/st/stm32cubeide_1.13.1/plugins/com.st.stm32cube.ide.mcu.externaltools.gnu-tools-for-stm32.11.3.rel1.linux64_1.1.0.202305231506/tools/bin/../lib/gcc/arm-none-eabi/11.3.1/../../../../arm-none-eabi/lib/thumb/v7e-m+fp/hard/libc_nano.a(libc_a-reent.o)
                0x000000000800d0fc                _reclaim_reent
 .text.__libc_init_array
                0x000000000800d1a8       0x48 /home/willoweyes/st/stm32cubeide_1.13.1/plugins/com.st.stm32cube.ide.mcu.externaltools.gnu-tools-for-stm32.11.3.rel1.linux64_1.1.0.202305231506/tools/bin/../lib/gcc/arm-none-eabi/11.3.1/../../../../arm-none-eabi/lib/thumb/v7e-m+fp/hard/libc_nano.a(libc_a-init.o)
                0x000000000800d1a8                __libc_init_array
 .text.__retarget_lock_acquire_recursive
                0x000000000800d1f0        0x2 /home/willoweyes/st/stm32cubeide_1.13.1/plugins/com.st.stm32cube.ide.mcu.externaltools.gnu-tools-for-stm32.11.3.rel1.linux64_1.1.0.202305231506/tools/bin/../lib/gcc/arm-none-eabi/11.3.1/../../../../arm-none-eabi/lib/thumb/v7e-m+fp/hard/libc_nano.a(libc_a-lock.o)
                0x000000000800d1f0                __retarget_lock_acquire_recursive
 .text.__retarget_lock_release_recursive
                0x000000000800d1f2        0x2 /home/willoweyes/st/stm32cubeide_1.13.1/plugins/com.st.stm32cube.ide.mcu.externaltools.gnu-tools-for-stm32.11.3.rel1.linux64_1.1.0.202305231506/tools/bin/../lib/gcc/arm-none-eabi/11.3.1/../../../../arm-none-eabi/lib/thumb/v7e-m+fp/hard/libc_nano.a(libc_a-lock.o)
                0x000000000800d1f2                __retarget_lock_release_recursive
 .text.memcpy   0x000000000800d1f4       0x1c /home/willoweyes/st/stm32cubeide_1.13.1/plugins/com.st.stm32cube.ide.mcu.externaltools.gnu-tools-for-stm32.11.3.rel1.linux64_1.1.0.202305231506/tools/bin/../lib/gcc/arm-none-eabi/11.3.1/../../../../arm-none-eabi/lib/thumb/v7e-m+fp/hard/libc_nano.a(libc_a-memcpy-stub.o)
                0x000000000800d1f4                memcpy
 .text._free_r  0x000000000800d210       0x98 /home/willoweyes/st/stm32cubeide_1.13.1/plugins/com.st.stm32cube.ide.mcu.externaltools.gnu-tools-for-stm32.11.3.rel1.linux64_1.1.0.202305231506/tools/bin/../lib/gcc/arm-none-eabi/11.3.1/../../../../arm-none-eabi/lib/thumb/v7e-m+fp/hard/libc_nano.a(libc_a-freer.o)
                0x000000000800d210                _free_r
 .text.__malloc_lock
                0x000000000800d2a8        0xc /home/willoweyes/st/stm32cubeide_1.13.1/plugins/com.st.stm32cube.ide.mcu.externaltools.gnu-tools-for-stm32.11.3.rel1.linux64_1.1.0.202305231506/tools/bin/../lib/gcc/arm-none-eabi/11.3.1/../../../../arm-none-eabi/lib/thumb/v7e-m+fp/hard/libc_nano.a(libc_a-mlock.o)
                0x000000000800d2a8                __malloc_lock
 .text.__malloc_unlock
                0x000000000800d2b4        0xc /home/willoweyes/st/stm32cubeide_1.13.1/plugins/com.st.stm32cube.ide.mcu.externaltools.gnu-tools-for-stm32.11.3.rel1.linux64_1.1.0.202305231506/tools/bin/../lib/gcc/arm-none-eabi/11.3.1/../../../../arm-none-eabi/lib/thumb/v7e-m+fp/hard/libc_nano.a(libc_a-mlock.o)
                0x000000000800d2b4                __malloc_unlock
 *(.glue_7)
 .glue_7        0x000000000800d2c0        0x0 linker stubs
 *(.glue_7t)
 .glue_7t       0x000000000800d2c0        0x0 linker stubs
 *(.eh_frame)
 .eh_frame      0x000000000800d2c0        0x0 /home/willoweyes/st/stm32cubeide_1.13.1/plugins/com.st.stm32cube.ide.mcu.externaltools.gnu-tools-for-stm32.11.3.rel1.linux64_1.1.0.202305231506/tools/bin/../lib/gcc/arm-none-eabi/11.3.1/thumb/v7e-m+fp/hard/crtbegin.o
 *(.init)
 .init          0x000000000800d2c0        0x4 /home/willoweyes/st/stm32cubeide_1.13.1/plugins/com.st.stm32cube.ide.mcu.externaltools.gnu-tools-for-stm32.11.3.rel1.linux64_1.1.0.202305231506/tools/bin/../lib/gcc/arm-none-eabi/11.3.1/thumb/v7e-m+fp/hard/crti.o
                0x000000000800d2c0                _init
 .init          0x000000000800d2c4        0x8 /home/willoweyes/st/stm32cubeide_1.13.1/plugins/com.st.stm32cube.ide.mcu.externaltools.gnu-tools-for-stm32.11.3.rel1.linux64_1.1.0.202305231506/tools/bin/../lib/gcc/arm-none-eabi/11.3.1/thumb/v7e-m+fp/hard/crtn.o
 *(.fini)
 .fini          0x000000000800d2cc        0x4 /home/willoweyes/st/stm32cubeide_1.13.1/plugins/com.st.stm32cube.ide.mcu.externaltools.gnu-tools-for-stm32.11.3.rel1.linux64_1.1.0.202305231506/tools/bin/../lib/gcc/arm-none-eabi/11.3.1/thumb/v7e-m+fp/hard/crti.o
                0x000000000800d2cc                _fini
 .fini          0x000000000800d2d0        0x8 /home/willoweyes/st/stm32cubeide_1.13.1/plugins/com.st.stm32cube.ide.mcu.externaltools.gnu-tools-for-stm32.11.3.rel1.linux64_1.1.0.202305231506/tools/bin/../lib/gcc/arm-none-eabi/11.3.1/thumb/v7e-m+fp/hard/crtn.o
                0x000000000800d2d8                . = ALIGN (0x4)
                0x000000000800d2d8                _etext = .

.vfp11_veneer   0x000000000800d2d8        0x0
 .vfp11_veneer  0x000000000800d2d8        0x0 linker stubs

.v4_bx          0x000000000800d2d8        0x0
 .v4_bx         0x000000000800d2d8        0x0 linker stubs

.iplt           0x000000000800d2d8        0x0
 .iplt          0x000000000800d2d8        0x0 /home/willoweyes/st/stm32cubeide_1.13.1/plugins/com.st.stm32cube.ide.mcu.externaltools.gnu-tools-for-stm32.11.3.rel1.linux64_1.1.0.202305231506/tools/bin/../lib/gcc/arm-none-eabi/11.3.1/thumb/v7e-m+fp/hard/crtbegin.o

.rodata         0x000000000800d2d8       0xf0
                0x000000000800d2d8                . = ALIGN (0x4)
 *(.rodata)
 .rodata        0x000000000800d2d8       0x2a ./Core/Src/main.o
 *fill*         0x000000000800d302        0x2 
 .rodata        0x000000000800d304        0x5 ./Middlewares/Third_Party/FreeRTOS/Source/tasks.o
 *fill*         0x000000000800d309        0x3 
 .rodata        0x000000000800d30c        0xd ./Middlewares/Third_Party/FreeRTOS/Source/timers.o
 *fill*         0x000000000800d319        0x3 
 .rodata        0x000000000800d31c       0x42 ./USB_DEVICE/App/usbd_desc.o
 *(.rodata*)
 *fill*         0x000000000800d35e        0x2 
 .rodata.defaultTask_attributes
                0x000000000800d360       0x24 ./Core/Src/main.o
                0x000000000800d360                defaultTask_attributes
 .rodata.myTask02_attributes
                0x000000000800d384       0x24 ./Core/Src/main.o
                0x000000000800d384                myTask02_attributes
 .rodata.AHBPrescTable
                0x000000000800d3a8       0x10 ./Core/Src/system_stm32f4xx.o
                0x000000000800d3a8                AHBPrescTable
 .rodata.APBPrescTable
                0x000000000800d3b8        0x8 ./Core/Src/system_stm32f4xx.o
                0x000000000800d3b8                APBPrescTable
 .rodata.flagBitshiftOffset.0
                0x000000000800d3c0        0x8 ./Drivers/STM32F4xx_HAL_Driver/Src/stm32f4xx_hal_dma.o
                0x000000000800d3c8                . = ALIGN (0x4)

.ARM.extab      0x000000000800d3c8        0x0
                0x000000000800d3c8                . = ALIGN (0x4)
 *(.ARM.extab* .gnu.linkonce.armextab.*)
                0x000000000800d3c8                . = ALIGN (0x4)

.ARM            0x000000000800d3c8        0x8
                0x000000000800d3c8                . = ALIGN (0x4)
                0x000000000800d3c8                __exidx_start = .
 *(.ARM.exidx*)
 .ARM.exidx     0x000000000800d3c8        0x8 /home/willoweyes/st/stm32cubeide_1.13.1/plugins/com.st.stm32cube.ide.mcu.externaltools.gnu-tools-for-stm32.11.3.rel1.linux64_1.1.0.202305231506/tools/bin/../lib/gcc/arm-none-eabi/11.3.1/thumb/v7e-m+fp/hard/libgcc.a(_udivmoddi4.o)
                0x000000000800d3d0                __exidx_end = .
                0x000000000800d3d0                . = ALIGN (0x4)

.rel.dyn        0x000000000800d3d0        0x0
 .rel.iplt      0x000000000800d3d0        0x0 /home/willoweyes/st/stm32cubeide_1.13.1/plugins/com.st.stm32cube.ide.mcu.externaltools.gnu-tools-for-stm32.11.3.rel1.linux64_1.1.0.202305231506/tools/bin/../lib/gcc/arm-none-eabi/11.3.1/thumb/v7e-m+fp/hard/crtbegin.o

.preinit_array  0x000000000800d3d0        0x0
                0x000000000800d3d0                . = ALIGN (0x4)
                0x000000000800d3d0                PROVIDE (__preinit_array_start = .)
 *(.preinit_array*)
                0x000000000800d3d0                PROVIDE (__preinit_array_end = .)
                0x000000000800d3d0                . = ALIGN (0x4)

.init_array     0x000000000800d3d0        0x4
                0x000000000800d3d0                . = ALIGN (0x4)
                0x000000000800d3d0                PROVIDE (__init_array_start = .)
 *(SORT_BY_NAME(.init_array.*))
 *(.init_array*)
 .init_array    0x000000000800d3d0        0x4 /home/willoweyes/st/stm32cubeide_1.13.1/plugins/com.st.stm32cube.ide.mcu.externaltools.gnu-tools-for-stm32.11.3.rel1.linux64_1.1.0.202305231506/tools/bin/../lib/gcc/arm-none-eabi/11.3.1/thumb/v7e-m+fp/hard/crtbegin.o
                0x000000000800d3d4                PROVIDE (__init_array_end = .)
                0x000000000800d3d4                . = ALIGN (0x4)

.fini_array     0x000000000800d3d4        0x4
                0x000000000800d3d4                . = ALIGN (0x4)
                [!provide]                        PROVIDE (__fini_array_start = .)
 *(SORT_BY_NAME(.fini_array.*))
 *(.fini_array*)
 .fini_array    0x000000000800d3d4        0x4 /home/willoweyes/st/stm32cubeide_1.13.1/plugins/com.st.stm32cube.ide.mcu.externaltools.gnu-tools-for-stm32.11.3.rel1.linux64_1.1.0.202305231506/tools/bin/../lib/gcc/arm-none-eabi/11.3.1/thumb/v7e-m+fp/hard/crtbegin.o
                [!provide]                        PROVIDE (__fini_array_end = .)
                0x000000000800d3d8                . = ALIGN (0x4)
                0x000000000800d3d8                _sidata = LOADADDR (.data)

.data           0x0000000020000000      0x150 load address 0x000000000800d3d8
                0x0000000020000000                . = ALIGN (0x4)
                0x0000000020000000                _sdata = .
 *(.data)
 *(.data*)
 .data.SystemCoreClock
                0x0000000020000000        0x4 ./Core/Src/system_stm32f4xx.o
                0x0000000020000000                SystemCoreClock
 .data.uwTickPrio
                0x0000000020000004        0x4 ./Drivers/STM32F4xx_HAL_Driver/Src/stm32f4xx_hal.o
                0x0000000020000004                uwTickPrio
 .data.uwTickFreq
                0x0000000020000008        0x1 ./Drivers/STM32F4xx_HAL_Driver/Src/stm32f4xx_hal.o
                0x0000000020000008                uwTickFreq
 *fill*         0x0000000020000009        0x3 
 .data.USBD_CDC_DeviceQualifierDesc
                0x000000002000000c        0xa ./Middlewares/ST/STM32_USB_Device_Library/Class/CDC/Src/usbd_cdc.o
 *fill*         0x0000000020000016        0x2 
 .data.USBD_CDC
                0x0000000020000018       0x38 ./Middlewares/ST/STM32_USB_Device_Library/Class/CDC/Src/usbd_cdc.o
                0x0000000020000018                USBD_CDC
 .data.USBD_CDC_CfgDesc
                0x0000000020000050       0x43 ./Middlewares/ST/STM32_USB_Device_Library/Class/CDC/Src/usbd_cdc.o
 .data.CDCInEpAdd
                0x0000000020000093        0x1 ./Middlewares/ST/STM32_USB_Device_Library/Class/CDC/Src/usbd_cdc.o
 .data.CDCOutEpAdd
                0x0000000020000094        0x1 ./Middlewares/ST/STM32_USB_Device_Library/Class/CDC/Src/usbd_cdc.o
 .data.CDCCmdEpAdd
                0x0000000020000095        0x1 ./Middlewares/ST/STM32_USB_Device_Library/Class/CDC/Src/usbd_cdc.o
 *fill*         0x0000000020000096        0x2 
 .data.uxCriticalNesting
                0x0000000020000098        0x4 ./Middlewares/Third_Party/FreeRTOS/Source/portable/GCC/ARM_CM4F/port.o
 .data.USBD_Interface_fops_FS
                0x000000002000009c       0x14 ./USB_DEVICE/App/usbd_cdc_if.o
                0x000000002000009c                USBD_Interface_fops_FS
 .data.FS_Desc  0x00000000200000b0       0x1c ./USB_DEVICE/App/usbd_desc.o
                0x00000000200000b0                FS_Desc
 .data.USBD_FS_DeviceDesc
                0x00000000200000cc       0x12 ./USB_DEVICE/App/usbd_desc.o
                0x00000000200000cc                USBD_FS_DeviceDesc
 *fill*         0x00000000200000de        0x2 
 .data.USBD_LangIDDesc
                0x00000000200000e0        0x4 ./USB_DEVICE/App/usbd_desc.o
                0x00000000200000e0                USBD_LangIDDesc
 .data.USBD_StringSerial
                0x00000000200000e4       0x1a ./USB_DEVICE/App/usbd_desc.o
                0x00000000200000e4                USBD_StringSerial
 *fill*         0x00000000200000fe        0x2 
 .data._impure_data
                0x0000000020000100       0x4c /home/willoweyes/st/stm32cubeide_1.13.1/plugins/com.st.stm32cube.ide.mcu.externaltools.gnu-tools-for-stm32.11.3.rel1.linux64_1.1.0.202305231506/tools/bin/../lib/gcc/arm-none-eabi/11.3.1/../../../../arm-none-eabi/lib/thumb/v7e-m+fp/hard/libc_nano.a(libc_a-impure.o)
                0x0000000020000100                _impure_data
 .data._impure_ptr
                0x000000002000014c        0x4 /home/willoweyes/st/stm32cubeide_1.13.1/plugins/com.st.stm32cube.ide.mcu.externaltools.gnu-tools-for-stm32.11.3.rel1.linux64_1.1.0.202305231506/tools/bin/../lib/gcc/arm-none-eabi/11.3.1/../../../../arm-none-eabi/lib/thumb/v7e-m+fp/hard/libc_nano.a(libc_a-impure.o)
                0x000000002000014c                _impure_ptr
 *(.RamFunc)
 *(.RamFunc*)
                0x0000000020000150                . = ALIGN (0x4)
                0x0000000020000150                _edata = .

.igot.plt       0x0000000020000150        0x0 load address 0x000000000800d528
 .igot.plt      0x0000000020000150        0x0 /home/willoweyes/st/stm32cubeide_1.13.1/plugins/com.st.stm32cube.ide.mcu.externaltools.gnu-tools-for-stm32.11.3.rel1.linux64_1.1.0.202305231506/tools/bin/../lib/gcc/arm-none-eabi/11.3.1/thumb/v7e-m+fp/hard/crtbegin.o
                0x0000000020000150                . = ALIGN (0x4)

.bss            0x0000000020000150     0xc8f8 load address 0x000000000800d528
                0x0000000020000150                _sbss = .
                0x0000000020000150                __bss_start__ = _sbss
 *(.bss)
 .bss           0x0000000020000150       0x1c /home/willoweyes/st/stm32cubeide_1.13.1/plugins/com.st.stm32cube.ide.mcu.externaltools.gnu-tools-for-stm32.11.3.rel1.linux64_1.1.0.202305231506/tools/bin/../lib/gcc/arm-none-eabi/11.3.1/thumb/v7e-m+fp/hard/crtbegin.o
 *(.bss*)
 .bss.hi2c1     0x000000002000016c       0x54 ./Core/Src/main.o
                0x000000002000016c                hi2c1
 .bss.hi2s2     0x00000000200001c0       0x48 ./Core/Src/main.o
                0x00000000200001c0                hi2s2
 .bss.hi2s3     0x0000000020000208       0x48 ./Core/Src/main.o
                0x0000000020000208                hi2s3
 .bss.hspi1     0x0000000020000250       0x58 ./Core/Src/main.o
                0x0000000020000250                hspi1
 .bss.huart2    0x00000000200002a8       0x44 ./Core/Src/main.o
                0x00000000200002a8                huart2
 .bss.hdma_usart2_rx
                0x00000000200002ec       0x60 ./Core/Src/main.o
                0x00000000200002ec                hdma_usart2_rx
 .bss.hdma_usart2_tx
                0x000000002000034c       0x60 ./Core/Src/main.o
                0x000000002000034c                hdma_usart2_tx
 .bss.defaultTaskHandle
                0x00000000200003ac        0x4 ./Core/Src/main.o
                0x00000000200003ac                defaultTaskHandle
 .bss.defaultTaskBuffer
                0x00000000200003b0     0x2ee0 ./Core/Src/main.o
                0x00000000200003b0                defaultTaskBuffer
 .bss.defaultTaskControlBlock
                0x0000000020003290       0xa8 ./Core/Src/main.o
                0x0000000020003290                defaultTaskControlBlock
 .bss.myTask02Handle
                0x0000000020003338        0x4 ./Core/Src/main.o
                0x0000000020003338                myTask02Handle
 .bss.myTask02Buffer
                0x000000002000333c     0x2ee0 ./Core/Src/main.o
                0x000000002000333c                myTask02Buffer
 .bss.myTask02ControlBlock
                0x000000002000621c       0xa8 ./Core/Src/main.o
                0x000000002000621c                myTask02ControlBlock
 .bss.uart_flag
                0x00000000200062c4        0x1 ./Core/Src/main.o
                0x00000000200062c4                uart_flag
 .bss.data_rx_1
                0x00000000200062c5        0x1 ./Core/Src/main.o
                0x00000000200062c5                data_rx_1
 *fill*         0x00000000200062c6        0x2 
 .bss.htim1     0x00000000200062c8       0x48 ./Core/Src/stm32f4xx_hal_timebase_tim.o
                0x00000000200062c8                htim1
 .bss.uwTick    0x0000000020006310        0x4 ./Drivers/STM32F4xx_HAL_Driver/Src/stm32f4xx_hal.o
                0x0000000020006310                uwTick
 .bss.cfgidx.0  0x0000000020006314        0x1 ./Middlewares/ST/STM32_USB_Device_Library/Core/Src/usbd_ctlreq.o
 *fill*         0x0000000020006315        0x3 
 .bss.KernelState
                0x0000000020006318        0x4 ./Middlewares/Third_Party/FreeRTOS/Source/CMSIS_RTOS_V2/cmsis_os2.o
 .bss.Idle_TCB.3
                0x000000002000631c       0xa8 ./Middlewares/Third_Party/FreeRTOS/Source/CMSIS_RTOS_V2/cmsis_os2.o
 .bss.Idle_Stack.2
                0x00000000200063c4      0x200 ./Middlewares/Third_Party/FreeRTOS/Source/CMSIS_RTOS_V2/cmsis_os2.o
 .bss.Timer_TCB.1
                0x00000000200065c4       0xa8 ./Middlewares/Third_Party/FreeRTOS/Source/CMSIS_RTOS_V2/cmsis_os2.o
 .bss.Timer_Stack.0
                0x000000002000666c      0x400 ./Middlewares/Third_Party/FreeRTOS/Source/CMSIS_RTOS_V2/cmsis_os2.o
 .bss.xQueueRegistry
                0x0000000020006a6c       0x40 ./Middlewares/Third_Party/FreeRTOS/Source/queue.o
                0x0000000020006a6c                xQueueRegistry
 .bss.pxCurrentTCB
                0x0000000020006aac        0x4 ./Middlewares/Third_Party/FreeRTOS/Source/tasks.o
                0x0000000020006aac                pxCurrentTCB
 .bss.pxReadyTasksLists
                0x0000000020006ab0      0x460 ./Middlewares/Third_Party/FreeRTOS/Source/tasks.o
 .bss.xDelayedTaskList1
                0x0000000020006f10       0x14 ./Middlewares/Third_Party/FreeRTOS/Source/tasks.o
 .bss.xDelayedTaskList2
                0x0000000020006f24       0x14 ./Middlewares/Third_Party/FreeRTOS/Source/tasks.o
 .bss.pxDelayedTaskList
                0x0000000020006f38        0x4 ./Middlewares/Third_Party/FreeRTOS/Source/tasks.o
 .bss.pxOverflowDelayedTaskList
                0x0000000020006f3c        0x4 ./Middlewares/Third_Party/FreeRTOS/Source/tasks.o
 .bss.xPendingReadyList
                0x0000000020006f40       0x14 ./Middlewares/Third_Party/FreeRTOS/Source/tasks.o
 .bss.xTasksWaitingTermination
                0x0000000020006f54       0x14 ./Middlewares/Third_Party/FreeRTOS/Source/tasks.o
 .bss.uxDeletedTasksWaitingCleanUp
                0x0000000020006f68        0x4 ./Middlewares/Third_Party/FreeRTOS/Source/tasks.o
 .bss.xSuspendedTaskList
                0x0000000020006f6c       0x14 ./Middlewares/Third_Party/FreeRTOS/Source/tasks.o
 .bss.uxCurrentNumberOfTasks
                0x0000000020006f80        0x4 ./Middlewares/Third_Party/FreeRTOS/Source/tasks.o
 .bss.xTickCount
                0x0000000020006f84        0x4 ./Middlewares/Third_Party/FreeRTOS/Source/tasks.o
 .bss.uxTopReadyPriority
                0x0000000020006f88        0x4 ./Middlewares/Third_Party/FreeRTOS/Source/tasks.o
 .bss.xSchedulerRunning
                0x0000000020006f8c        0x4 ./Middlewares/Third_Party/FreeRTOS/Source/tasks.o
 .bss.xPendedTicks
                0x0000000020006f90        0x4 ./Middlewares/Third_Party/FreeRTOS/Source/tasks.o
 .bss.xYieldPending
                0x0000000020006f94        0x4 ./Middlewares/Third_Party/FreeRTOS/Source/tasks.o
 .bss.xNumOfOverflows
                0x0000000020006f98        0x4 ./Middlewares/Third_Party/FreeRTOS/Source/tasks.o
 .bss.uxTaskNumber
                0x0000000020006f9c        0x4 ./Middlewares/Third_Party/FreeRTOS/Source/tasks.o
 .bss.xNextTaskUnblockTime
                0x0000000020006fa0        0x4 ./Middlewares/Third_Party/FreeRTOS/Source/tasks.o
 .bss.xIdleTaskHandle
                0x0000000020006fa4        0x4 ./Middlewares/Third_Party/FreeRTOS/Source/tasks.o
 .bss.uxSchedulerSuspended
                0x0000000020006fa8        0x4 ./Middlewares/Third_Party/FreeRTOS/Source/tasks.o
 .bss.xActiveTimerList1
                0x0000000020006fac       0x14 ./Middlewares/Third_Party/FreeRTOS/Source/timers.o
 .bss.xActiveTimerList2
                0x0000000020006fc0       0x14 ./Middlewares/Third_Party/FreeRTOS/Source/timers.o
 .bss.pxCurrentTimerList
                0x0000000020006fd4        0x4 ./Middlewares/Third_Party/FreeRTOS/Source/timers.o
 .bss.pxOverflowTimerList
                0x0000000020006fd8        0x4 ./Middlewares/Third_Party/FreeRTOS/Source/timers.o
 .bss.xTimerQueue
                0x0000000020006fdc        0x4 ./Middlewares/Third_Party/FreeRTOS/Source/timers.o
 .bss.xTimerTaskHandle
                0x0000000020006fe0        0x4 ./Middlewares/Third_Party/FreeRTOS/Source/timers.o
 .bss.xLastTime.2
                0x0000000020006fe4        0x4 ./Middlewares/Third_Party/FreeRTOS/Source/timers.o
 .bss.ucStaticTimerQueueStorage.1
                0x0000000020006fe8       0xa0 ./Middlewares/Third_Party/FreeRTOS/Source/timers.o
 .bss.xStaticTimerQueue.0
                0x0000000020007088       0x50 ./Middlewares/Third_Party/FreeRTOS/Source/timers.o
 .bss.ucMaxSysCallPriority
                0x00000000200070d8        0x1 ./Middlewares/Third_Party/FreeRTOS/Source/portable/GCC/ARM_CM4F/port.o
 *fill*         0x00000000200070d9        0x3 
 .bss.ulMaxPRIGROUPValue
                0x00000000200070dc        0x4 ./Middlewares/Third_Party/FreeRTOS/Source/portable/GCC/ARM_CM4F/port.o
 .bss.ucHeap    0x00000000200070e0     0x3c00 ./Middlewares/Third_Party/FreeRTOS/Source/portable/MemMang/heap_4.o
 .bss.xStart    0x000000002000ace0        0x8 ./Middlewares/Third_Party/FreeRTOS/Source/portable/MemMang/heap_4.o
 .bss.pxEnd     0x000000002000ace8        0x4 ./Middlewares/Third_Party/FreeRTOS/Source/portable/MemMang/heap_4.o
 .bss.xFreeBytesRemaining
                0x000000002000acec        0x4 ./Middlewares/Third_Party/FreeRTOS/Source/portable/MemMang/heap_4.o
 .bss.xMinimumEverFreeBytesRemaining
                0x000000002000acf0        0x4 ./Middlewares/Third_Party/FreeRTOS/Source/portable/MemMang/heap_4.o
 .bss.xNumberOfSuccessfulAllocations
                0x000000002000acf4        0x4 ./Middlewares/Third_Party/FreeRTOS/Source/portable/MemMang/heap_4.o
 .bss.xNumberOfSuccessfulFrees
                0x000000002000acf8        0x4 ./Middlewares/Third_Party/FreeRTOS/Source/portable/MemMang/heap_4.o
 .bss.xBlockAllocatedBit
                0x000000002000acfc        0x4 ./Middlewares/Third_Party/FreeRTOS/Source/portable/MemMang/heap_4.o
 .bss.hUsbDeviceFS
                0x000000002000ad00      0x2dc ./USB_DEVICE/App/usb_device.o
                0x000000002000ad00                hUsbDeviceFS
 .bss.UserRxBufferFS
                0x000000002000afdc      0x800 ./USB_DEVICE/App/usbd_cdc_if.o